/home/xjh/research/AI_xjh_research/llm_quant_factory/fakequant/datautils.py:160: FutureWarning: You are using `torch.load` with `weights_only=False` (the current default value), which uses the default pickle module implicitly. It is possible to construct malicious pickle data which will execute arbitrary code during unpickling (See https://github.com/pytorch/pytorch/blob/main/SECURITY.md#untrusted-models for more details). In a future release, the default value for `weights_only` will be flipped to `True`. This limits the functions that could be executed during unpickling. Arbitrary objects will no longer be allowed to be loaded via this mode unless they are explicitly allowlisted by the user via `torch.serialization.add_safe_globals`. We recommend you start setting `weights_only=True` for any use case where you don't have full control of the loaded file. Please open an issue on GitHub for any issues related to this experimental feature.
  return torch.load(cache_file)
modname,:methods.complex_utils.complex_v1
Loading model ...
/data/xjh/model_weight/opt/opt-350m
Starting ...
Ready.
blocksize:128,per weight bits:2.7265625,group_size:1024,cluster_1:4,cluster_2:8
blocksize:128,per weight bits:2.7265625,group_size:1024,cluster_1:4,cluster_2:8
blocksize:128,per weight bits:2.7265625,group_size:1024,cluster_1:4,cluster_2:8
blocksize:128,per weight bits:2.7265625,group_size:1024,cluster_1:4,cluster_2:8
blocksize:128,per weight bits:2.650390625,group_size:4096,cluster_1:4,cluster_2:8
blocksize:128,per weight bits:2.7265625,group_size:1024,cluster_1:4,cluster_2:8
0 self_attn.k_proj
Quantizing ...
0 self_attn.v_proj
Quantizing ...
0 self_attn.q_proj
Quantizing ...
0 self_attn.out_proj
Quantizing ...
0 fc1
Quantizing ...
0 fc2
Quantizing ...
blocksize:128,per weight bits:2.7265625,group_size:1024,cluster_1:4,cluster_2:8
blocksize:128,per weight bits:2.7265625,group_size:1024,cluster_1:4,cluster_2:8
blocksize:128,per weight bits:2.7265625,group_size:1024,cluster_1:4,cluster_2:8
blocksize:128,per weight bits:2.7265625,group_size:1024,cluster_1:4,cluster_2:8
blocksize:128,per weight bits:2.650390625,group_size:4096,cluster_1:4,cluster_2:8
blocksize:128,per weight bits:2.7265625,group_size:1024,cluster_1:4,cluster_2:8
1 self_attn.k_proj
Quantizing ...
1 self_attn.v_proj
Quantizing ...
1 self_attn.q_proj
Quantizing ...
1 self_attn.out_proj
Quantizing ...
1 fc1
Quantizing ...
1 fc2
Quantizing ...
blocksize:128,per weight bits:2.7265625,group_size:1024,cluster_1:4,cluster_2:8
blocksize:128,per weight bits:2.7265625,group_size:1024,cluster_1:4,cluster_2:8
blocksize:128,per weight bits:2.7265625,group_size:1024,cluster_1:4,cluster_2:8
blocksize:128,per weight bits:2.7265625,group_size:1024,cluster_1:4,cluster_2:8
blocksize:128,per weight bits:2.650390625,group_size:4096,cluster_1:4,cluster_2:8
blocksize:128,per weight bits:2.7265625,group_size:1024,cluster_1:4,cluster_2:8
2 self_attn.k_proj
Quantizing ...
2 self_attn.v_proj
Quantizing ...
2 self_attn.q_proj
Quantizing ...
2 self_attn.out_proj
Quantizing ...
2 fc1
Quantizing ...
2 fc2
Quantizing ...
blocksize:128,per weight bits:2.7265625,group_size:1024,cluster_1:4,cluster_2:8
blocksize:128,per weight bits:2.7265625,group_size:1024,cluster_1:4,cluster_2:8
blocksize:128,per weight bits:2.7265625,group_size:1024,cluster_1:4,cluster_2:8
blocksize:128,per weight bits:2.7265625,group_size:1024,cluster_1:4,cluster_2:8
blocksize:128,per weight bits:2.650390625,group_size:4096,cluster_1:4,cluster_2:8
blocksize:128,per weight bits:2.7265625,group_size:1024,cluster_1:4,cluster_2:8
3 self_attn.k_proj
Quantizing ...
3 self_attn.v_proj
Quantizing ...
3 self_attn.q_proj
Quantizing ...
3 self_attn.out_proj
Quantizing ...
3 fc1
Quantizing ...
3 fc2
Quantizing ...
blocksize:128,per weight bits:2.7265625,group_size:1024,cluster_1:4,cluster_2:8
blocksize:128,per weight bits:2.7265625,group_size:1024,cluster_1:4,cluster_2:8
blocksize:128,per weight bits:2.7265625,group_size:1024,cluster_1:4,cluster_2:8
blocksize:128,per weight bits:2.7265625,group_size:1024,cluster_1:4,cluster_2:8
blocksize:128,per weight bits:2.650390625,group_size:4096,cluster_1:4,cluster_2:8
blocksize:128,per weight bits:2.7265625,group_size:1024,cluster_1:4,cluster_2:8
4 self_attn.k_proj
Quantizing ...
4 self_attn.v_proj
Quantizing ...
4 self_attn.q_proj
Quantizing ...
4 self_attn.out_proj
Quantizing ...
4 fc1
Quantizing ...
4 fc2
Quantizing ...
blocksize:128,per weight bits:2.7265625,group_size:1024,cluster_1:4,cluster_2:8
blocksize:128,per weight bits:2.7265625,group_size:1024,cluster_1:4,cluster_2:8
blocksize:128,per weight bits:2.7265625,group_size:1024,cluster_1:4,cluster_2:8
blocksize:128,per weight bits:2.7265625,group_size:1024,cluster_1:4,cluster_2:8
blocksize:128,per weight bits:2.650390625,group_size:4096,cluster_1:4,cluster_2:8
blocksize:128,per weight bits:2.7265625,group_size:1024,cluster_1:4,cluster_2:8
5 self_attn.k_proj
Quantizing ...
5 self_attn.v_proj
Quantizing ...
5 self_attn.q_proj
Quantizing ...
5 self_attn.out_proj
Quantizing ...
5 fc1
Quantizing ...
5 fc2
Quantizing ...
blocksize:128,per weight bits:2.7265625,group_size:1024,cluster_1:4,cluster_2:8
blocksize:128,per weight bits:2.7265625,group_size:1024,cluster_1:4,cluster_2:8
blocksize:128,per weight bits:2.7265625,group_size:1024,cluster_1:4,cluster_2:8
blocksize:128,per weight bits:2.7265625,group_size:1024,cluster_1:4,cluster_2:8
blocksize:128,per weight bits:2.650390625,group_size:4096,cluster_1:4,cluster_2:8
blocksize:128,per weight bits:2.7265625,group_size:1024,cluster_1:4,cluster_2:8
6 self_attn.k_proj
Quantizing ...
6 self_attn.v_proj
Quantizing ...
6 self_attn.q_proj
Quantizing ...
6 self_attn.out_proj
Quantizing ...
6 fc1
Quantizing ...
6 fc2
Quantizing ...
blocksize:128,per weight bits:2.7265625,group_size:1024,cluster_1:4,cluster_2:8
blocksize:128,per weight bits:2.7265625,group_size:1024,cluster_1:4,cluster_2:8
blocksize:128,per weight bits:2.7265625,group_size:1024,cluster_1:4,cluster_2:8
blocksize:128,per weight bits:2.7265625,group_size:1024,cluster_1:4,cluster_2:8
blocksize:128,per weight bits:2.650390625,group_size:4096,cluster_1:4,cluster_2:8
blocksize:128,per weight bits:2.7265625,group_size:1024,cluster_1:4,cluster_2:8
7 self_attn.k_proj
Quantizing ...
7 self_attn.v_proj
Quantizing ...
7 self_attn.q_proj
Quantizing ...
7 self_attn.out_proj
Quantizing ...
7 fc1
Quantizing ...
7 fc2
Quantizing ...
blocksize:128,per weight bits:2.7265625,group_size:1024,cluster_1:4,cluster_2:8
blocksize:128,per weight bits:2.7265625,group_size:1024,cluster_1:4,cluster_2:8
blocksize:128,per weight bits:2.7265625,group_size:1024,cluster_1:4,cluster_2:8
blocksize:128,per weight bits:2.7265625,group_size:1024,cluster_1:4,cluster_2:8
blocksize:128,per weight bits:2.650390625,group_size:4096,cluster_1:4,cluster_2:8
blocksize:128,per weight bits:2.7265625,group_size:1024,cluster_1:4,cluster_2:8
8 self_attn.k_proj
Quantizing ...
8 self_attn.v_proj
Quantizing ...
8 self_attn.q_proj
Quantizing ...
8 self_attn.out_proj
Quantizing ...
8 fc1
Quantizing ...
8 fc2
Quantizing ...
blocksize:128,per weight bits:2.7265625,group_size:1024,cluster_1:4,cluster_2:8
blocksize:128,per weight bits:2.7265625,group_size:1024,cluster_1:4,cluster_2:8
blocksize:128,per weight bits:2.7265625,group_size:1024,cluster_1:4,cluster_2:8
blocksize:128,per weight bits:2.7265625,group_size:1024,cluster_1:4,cluster_2:8
blocksize:128,per weight bits:2.650390625,group_size:4096,cluster_1:4,cluster_2:8
blocksize:128,per weight bits:2.7265625,group_size:1024,cluster_1:4,cluster_2:8
9 self_attn.k_proj
Quantizing ...
9 self_attn.v_proj
Quantizing ...
9 self_attn.q_proj
Quantizing ...
9 self_attn.out_proj
Quantizing ...
9 fc1
Quantizing ...
9 fc2
Quantizing ...
blocksize:128,per weight bits:2.7265625,group_size:1024,cluster_1:4,cluster_2:8
blocksize:128,per weight bits:2.7265625,group_size:1024,cluster_1:4,cluster_2:8
blocksize:128,per weight bits:2.7265625,group_size:1024,cluster_1:4,cluster_2:8
blocksize:128,per weight bits:2.7265625,group_size:1024,cluster_1:4,cluster_2:8
blocksize:128,per weight bits:2.650390625,group_size:4096,cluster_1:4,cluster_2:8
blocksize:128,per weight bits:2.7265625,group_size:1024,cluster_1:4,cluster_2:8
10 self_attn.k_proj
Quantizing ...
10 self_attn.v_proj
Quantizing ...
10 self_attn.q_proj
Quantizing ...
10 self_attn.out_proj
Quantizing ...
10 fc1
Quantizing ...
10 fc2
Quantizing ...
blocksize:128,per weight bits:2.7265625,group_size:1024,cluster_1:4,cluster_2:8
blocksize:128,per weight bits:2.7265625,group_size:1024,cluster_1:4,cluster_2:8
blocksize:128,per weight bits:2.7265625,group_size:1024,cluster_1:4,cluster_2:8
blocksize:128,per weight bits:2.7265625,group_size:1024,cluster_1:4,cluster_2:8
blocksize:128,per weight bits:2.650390625,group_size:4096,cluster_1:4,cluster_2:8
blocksize:128,per weight bits:2.7265625,group_size:1024,cluster_1:4,cluster_2:8
11 self_attn.k_proj
Quantizing ...
11 self_attn.v_proj
Quantizing ...
11 self_attn.q_proj
Quantizing ...
11 self_attn.out_proj
Quantizing ...
11 fc1
Quantizing ...
11 fc2
Quantizing ...
blocksize:128,per weight bits:2.7265625,group_size:1024,cluster_1:4,cluster_2:8
blocksize:128,per weight bits:2.7265625,group_size:1024,cluster_1:4,cluster_2:8
blocksize:128,per weight bits:2.7265625,group_size:1024,cluster_1:4,cluster_2:8
blocksize:128,per weight bits:2.7265625,group_size:1024,cluster_1:4,cluster_2:8
blocksize:128,per weight bits:2.650390625,group_size:4096,cluster_1:4,cluster_2:8
blocksize:128,per weight bits:2.7265625,group_size:1024,cluster_1:4,cluster_2:8
12 self_attn.k_proj
Quantizing ...
12 self_attn.v_proj
Quantizing ...
12 self_attn.q_proj
Quantizing ...
12 self_attn.out_proj
Quantizing ...
12 fc1
Quantizing ...
12 fc2
Quantizing ...
blocksize:128,per weight bits:2.7265625,group_size:1024,cluster_1:4,cluster_2:8
blocksize:128,per weight bits:2.7265625,group_size:1024,cluster_1:4,cluster_2:8
blocksize:128,per weight bits:2.7265625,group_size:1024,cluster_1:4,cluster_2:8
blocksize:128,per weight bits:2.7265625,group_size:1024,cluster_1:4,cluster_2:8
blocksize:128,per weight bits:2.650390625,group_size:4096,cluster_1:4,cluster_2:8
blocksize:128,per weight bits:2.7265625,group_size:1024,cluster_1:4,cluster_2:8
13 self_attn.k_proj
Quantizing ...
13 self_attn.v_proj
Quantizing ...
13 self_attn.q_proj
Quantizing ...
13 self_attn.out_proj
Quantizing ...
13 fc1
Quantizing ...
13 fc2
Quantizing ...
blocksize:128,per weight bits:2.7265625,group_size:1024,cluster_1:4,cluster_2:8
blocksize:128,per weight bits:2.7265625,group_size:1024,cluster_1:4,cluster_2:8
blocksize:128,per weight bits:2.7265625,group_size:1024,cluster_1:4,cluster_2:8
blocksize:128,per weight bits:2.7265625,group_size:1024,cluster_1:4,cluster_2:8
blocksize:128,per weight bits:2.650390625,group_size:4096,cluster_1:4,cluster_2:8
blocksize:128,per weight bits:2.7265625,group_size:1024,cluster_1:4,cluster_2:8
14 self_attn.k_proj
Quantizing ...
14 self_attn.v_proj
Quantizing ...
14 self_attn.q_proj
Quantizing ...
14 self_attn.out_proj
Quantizing ...
14 fc1
Quantizing ...
14 fc2
Quantizing ...
blocksize:128,per weight bits:2.7265625,group_size:1024,cluster_1:4,cluster_2:8
blocksize:128,per weight bits:2.7265625,group_size:1024,cluster_1:4,cluster_2:8
blocksize:128,per weight bits:2.7265625,group_size:1024,cluster_1:4,cluster_2:8
blocksize:128,per weight bits:2.7265625,group_size:1024,cluster_1:4,cluster_2:8
blocksize:128,per weight bits:2.650390625,group_size:4096,cluster_1:4,cluster_2:8
blocksize:128,per weight bits:2.7265625,group_size:1024,cluster_1:4,cluster_2:8
15 self_attn.k_proj
Quantizing ...
15 self_attn.v_proj
Quantizing ...
15 self_attn.q_proj
Quantizing ...
15 self_attn.out_proj
Quantizing ...
15 fc1
Quantizing ...
15 fc2
Quantizing ...
blocksize:128,per weight bits:2.7265625,group_size:1024,cluster_1:4,cluster_2:8
blocksize:128,per weight bits:2.7265625,group_size:1024,cluster_1:4,cluster_2:8
blocksize:128,per weight bits:2.7265625,group_size:1024,cluster_1:4,cluster_2:8
blocksize:128,per weight bits:2.7265625,group_size:1024,cluster_1:4,cluster_2:8
blocksize:128,per weight bits:2.650390625,group_size:4096,cluster_1:4,cluster_2:8
blocksize:128,per weight bits:2.7265625,group_size:1024,cluster_1:4,cluster_2:8
16 self_attn.k_proj
Quantizing ...
16 self_attn.v_proj
Quantizing ...
16 self_attn.q_proj
Quantizing ...
16 self_attn.out_proj
Quantizing ...
16 fc1
Quantizing ...
16 fc2
Quantizing ...
blocksize:128,per weight bits:2.7265625,group_size:1024,cluster_1:4,cluster_2:8
blocksize:128,per weight bits:2.7265625,group_size:1024,cluster_1:4,cluster_2:8
blocksize:128,per weight bits:2.7265625,group_size:1024,cluster_1:4,cluster_2:8
blocksize:128,per weight bits:2.7265625,group_size:1024,cluster_1:4,cluster_2:8
blocksize:128,per weight bits:2.650390625,group_size:4096,cluster_1:4,cluster_2:8
blocksize:128,per weight bits:2.7265625,group_size:1024,cluster_1:4,cluster_2:8
17 self_attn.k_proj
Quantizing ...
17 self_attn.v_proj
Quantizing ...
17 self_attn.q_proj
Quantizing ...
17 self_attn.out_proj
Quantizing ...
17 fc1
Quantizing ...
17 fc2
Quantizing ...
blocksize:128,per weight bits:2.7265625,group_size:1024,cluster_1:4,cluster_2:8
blocksize:128,per weight bits:2.7265625,group_size:1024,cluster_1:4,cluster_2:8
blocksize:128,per weight bits:2.7265625,group_size:1024,cluster_1:4,cluster_2:8
blocksize:128,per weight bits:2.7265625,group_size:1024,cluster_1:4,cluster_2:8
blocksize:128,per weight bits:2.650390625,group_size:4096,cluster_1:4,cluster_2:8
blocksize:128,per weight bits:2.7265625,group_size:1024,cluster_1:4,cluster_2:8
18 self_attn.k_proj
Quantizing ...
18 self_attn.v_proj
Quantizing ...
18 self_attn.q_proj
Quantizing ...
18 self_attn.out_proj
Quantizing ...
18 fc1
Quantizing ...
18 fc2
Quantizing ...
blocksize:128,per weight bits:2.7265625,group_size:1024,cluster_1:4,cluster_2:8
blocksize:128,per weight bits:2.7265625,group_size:1024,cluster_1:4,cluster_2:8
blocksize:128,per weight bits:2.7265625,group_size:1024,cluster_1:4,cluster_2:8
blocksize:128,per weight bits:2.7265625,group_size:1024,cluster_1:4,cluster_2:8
blocksize:128,per weight bits:2.650390625,group_size:4096,cluster_1:4,cluster_2:8
blocksize:128,per weight bits:2.7265625,group_size:1024,cluster_1:4,cluster_2:8
19 self_attn.k_proj
Quantizing ...
19 self_attn.v_proj
Quantizing ...
19 self_attn.q_proj
Quantizing ...
19 self_attn.out_proj
Quantizing ...
19 fc1
Quantizing ...
19 fc2
Quantizing ...
blocksize:128,per weight bits:2.7265625,group_size:1024,cluster_1:4,cluster_2:8
blocksize:128,per weight bits:2.7265625,group_size:1024,cluster_1:4,cluster_2:8
blocksize:128,per weight bits:2.7265625,group_size:1024,cluster_1:4,cluster_2:8
blocksize:128,per weight bits:2.7265625,group_size:1024,cluster_1:4,cluster_2:8
blocksize:128,per weight bits:2.650390625,group_size:4096,cluster_1:4,cluster_2:8
blocksize:128,per weight bits:2.7265625,group_size:1024,cluster_1:4,cluster_2:8
20 self_attn.k_proj
Quantizing ...
20 self_attn.v_proj
Quantizing ...
20 self_attn.q_proj
Quantizing ...
20 self_attn.out_proj
Quantizing ...
20 fc1
Quantizing ...
20 fc2
Quantizing ...
blocksize:128,per weight bits:2.7265625,group_size:1024,cluster_1:4,cluster_2:8
blocksize:128,per weight bits:2.7265625,group_size:1024,cluster_1:4,cluster_2:8
blocksize:128,per weight bits:2.7265625,group_size:1024,cluster_1:4,cluster_2:8
blocksize:128,per weight bits:2.7265625,group_size:1024,cluster_1:4,cluster_2:8
blocksize:128,per weight bits:2.650390625,group_size:4096,cluster_1:4,cluster_2:8
blocksize:128,per weight bits:2.7265625,group_size:1024,cluster_1:4,cluster_2:8
21 self_attn.k_proj
Quantizing ...
21 self_attn.v_proj
Quantizing ...
21 self_attn.q_proj
Quantizing ...
21 self_attn.out_proj
Quantizing ...
21 fc1
Quantizing ...
21 fc2
Quantizing ...
blocksize:128,per weight bits:2.7265625,group_size:1024,cluster_1:4,cluster_2:8
blocksize:128,per weight bits:2.7265625,group_size:1024,cluster_1:4,cluster_2:8
blocksize:128,per weight bits:2.7265625,group_size:1024,cluster_1:4,cluster_2:8
blocksize:128,per weight bits:2.7265625,group_size:1024,cluster_1:4,cluster_2:8
blocksize:128,per weight bits:2.650390625,group_size:4096,cluster_1:4,cluster_2:8
blocksize:128,per weight bits:2.7265625,group_size:1024,cluster_1:4,cluster_2:8
22 self_attn.k_proj
Quantizing ...
22 self_attn.v_proj
Quantizing ...
22 self_attn.q_proj
Quantizing ...
22 self_attn.out_proj
Quantizing ...
22 fc1
Quantizing ...
22 fc2
Quantizing ...
blocksize:128,per weight bits:2.7265625,group_size:1024,cluster_1:4,cluster_2:8
blocksize:128,per weight bits:2.7265625,group_size:1024,cluster_1:4,cluster_2:8
blocksize:128,per weight bits:2.7265625,group_size:1024,cluster_1:4,cluster_2:8
blocksize:128,per weight bits:2.7265625,group_size:1024,cluster_1:4,cluster_2:8
blocksize:128,per weight bits:2.650390625,group_size:4096,cluster_1:4,cluster_2:8
blocksize:128,per weight bits:2.7265625,group_size:1024,cluster_1:4,cluster_2:8
23 self_attn.k_proj
Quantizing ...
23 self_attn.v_proj
Quantizing ...
23 self_attn.q_proj
Quantizing ...
23 self_attn.out_proj
Quantizing ...
23 fc1
Quantizing ...
23 fc2
Quantizing ...
quantization time: 664.0999207496643 s
wikitext2
Evaluating ...
0
1
2
3
4
5
6
7
8
9
10
11
12
13
14
15
16
17
18
19
20
21
22
23
Perplexity: 40.304230
{'wikitext2/perplexity': 40.304229736328125}
ptb
Evaluating ...
0
1
2
3
4
5
6
7
8
9
10
11
12
13
14
15
16
17
18
19
20
21
22
23
Perplexity: 54.782234
{'ptb/perplexity': 54.78223419189453}
c4
Evaluating ...
0
1
2
3
4
5
6
7
8
9
10
11
12
13
14
15
16
17
18
19
20
21
22
23
Perplexity: 35.680489
{'c4/perplexity': 35.68048858642578}
/home/xjh/research/AI_xjh_research/llm_quant_factory/fakequant/datautils.py:160: FutureWarning: You are using `torch.load` with `weights_only=False` (the current default value), which uses the default pickle module implicitly. It is possible to construct malicious pickle data which will execute arbitrary code during unpickling (See https://github.com/pytorch/pytorch/blob/main/SECURITY.md#untrusted-models for more details). In a future release, the default value for `weights_only` will be flipped to `True`. This limits the functions that could be executed during unpickling. Arbitrary objects will no longer be allowed to be loaded via this mode unless they are explicitly allowlisted by the user via `torch.serialization.add_safe_globals`. We recommend you start setting `weights_only=True` for any use case where you don't have full control of the loaded file. Please open an issue on GitHub for any issues related to this experimental feature.
  return torch.load(cache_file)
modname,:methods.complex_utils.complex_v1
Loading model ...
/data/xjh/model_weight/opt/opt-350m
Starting ...
Ready.
blocksize:128,per weight bits:2.7265625,group_size:1024,cluster_1:4,cluster_2:8
blocksize:128,per weight bits:2.7265625,group_size:1024,cluster_1:4,cluster_2:8
blocksize:128,per weight bits:2.7265625,group_size:1024,cluster_1:4,cluster_2:8
blocksize:128,per weight bits:2.7265625,group_size:1024,cluster_1:4,cluster_2:8
blocksize:128,per weight bits:2.650390625,group_size:4096,cluster_1:4,cluster_2:8
blocksize:128,per weight bits:2.7265625,group_size:1024,cluster_1:4,cluster_2:8
0 self_attn.k_proj
Quantizing ...
0 self_attn.v_proj
Quantizing ...
0 self_attn.q_proj
Quantizing ...
0 self_attn.out_proj
Quantizing ...
0 fc1
Quantizing ...
0 fc2
Quantizing ...
blocksize:128,per weight bits:2.7265625,group_size:1024,cluster_1:4,cluster_2:8
blocksize:128,per weight bits:2.7265625,group_size:1024,cluster_1:4,cluster_2:8
blocksize:128,per weight bits:2.7265625,group_size:1024,cluster_1:4,cluster_2:8
blocksize:128,per weight bits:2.7265625,group_size:1024,cluster_1:4,cluster_2:8
blocksize:128,per weight bits:2.650390625,group_size:4096,cluster_1:4,cluster_2:8
blocksize:128,per weight bits:2.7265625,group_size:1024,cluster_1:4,cluster_2:8
1 self_attn.k_proj
Quantizing ...
1 self_attn.v_proj
Quantizing ...
1 self_attn.q_proj
Quantizing ...
1 self_attn.out_proj
Quantizing ...
1 fc1
Quantizing ...
1 fc2
Quantizing ...
blocksize:128,per weight bits:2.7265625,group_size:1024,cluster_1:4,cluster_2:8
blocksize:128,per weight bits:2.7265625,group_size:1024,cluster_1:4,cluster_2:8
blocksize:128,per weight bits:2.7265625,group_size:1024,cluster_1:4,cluster_2:8
blocksize:128,per weight bits:2.7265625,group_size:1024,cluster_1:4,cluster_2:8
blocksize:128,per weight bits:2.650390625,group_size:4096,cluster_1:4,cluster_2:8
blocksize:128,per weight bits:2.7265625,group_size:1024,cluster_1:4,cluster_2:8
2 self_attn.k_proj
Quantizing ...
2 self_attn.v_proj
Quantizing ...
2 self_attn.q_proj
Quantizing ...
2 self_attn.out_proj
Quantizing ...
2 fc1
Quantizing ...
2 fc2
Quantizing ...
blocksize:128,per weight bits:2.7265625,group_size:1024,cluster_1:4,cluster_2:8
blocksize:128,per weight bits:2.7265625,group_size:1024,cluster_1:4,cluster_2:8
blocksize:128,per weight bits:2.7265625,group_size:1024,cluster_1:4,cluster_2:8
blocksize:128,per weight bits:2.7265625,group_size:1024,cluster_1:4,cluster_2:8
blocksize:128,per weight bits:2.650390625,group_size:4096,cluster_1:4,cluster_2:8
blocksize:128,per weight bits:2.7265625,group_size:1024,cluster_1:4,cluster_2:8
3 self_attn.k_proj
Quantizing ...
3 self_attn.v_proj
Quantizing ...
3 self_attn.q_proj
Quantizing ...
3 self_attn.out_proj
Quantizing ...
3 fc1
Quantizing ...
3 fc2
Quantizing ...
blocksize:128,per weight bits:2.7265625,group_size:1024,cluster_1:4,cluster_2:8
blocksize:128,per weight bits:2.7265625,group_size:1024,cluster_1:4,cluster_2:8
blocksize:128,per weight bits:2.7265625,group_size:1024,cluster_1:4,cluster_2:8
blocksize:128,per weight bits:2.7265625,group_size:1024,cluster_1:4,cluster_2:8
blocksize:128,per weight bits:2.650390625,group_size:4096,cluster_1:4,cluster_2:8
blocksize:128,per weight bits:2.7265625,group_size:1024,cluster_1:4,cluster_2:8
4 self_attn.k_proj
Quantizing ...
4 self_attn.v_proj
Quantizing ...
4 self_attn.q_proj
Quantizing ...
4 self_attn.out_proj
Quantizing ...
4 fc1
Quantizing ...
4 fc2
Quantizing ...
blocksize:128,per weight bits:2.7265625,group_size:1024,cluster_1:4,cluster_2:8
blocksize:128,per weight bits:2.7265625,group_size:1024,cluster_1:4,cluster_2:8
blocksize:128,per weight bits:2.7265625,group_size:1024,cluster_1:4,cluster_2:8
blocksize:128,per weight bits:2.7265625,group_size:1024,cluster_1:4,cluster_2:8
blocksize:128,per weight bits:2.650390625,group_size:4096,cluster_1:4,cluster_2:8
blocksize:128,per weight bits:2.7265625,group_size:1024,cluster_1:4,cluster_2:8
5 self_attn.k_proj
Quantizing ...
5 self_attn.v_proj
Quantizing ...
5 self_attn.q_proj
Quantizing ...
5 self_attn.out_proj
Quantizing ...
5 fc1
Quantizing ...
5 fc2
Quantizing ...
blocksize:128,per weight bits:2.7265625,group_size:1024,cluster_1:4,cluster_2:8
blocksize:128,per weight bits:2.7265625,group_size:1024,cluster_1:4,cluster_2:8
blocksize:128,per weight bits:2.7265625,group_size:1024,cluster_1:4,cluster_2:8
blocksize:128,per weight bits:2.7265625,group_size:1024,cluster_1:4,cluster_2:8
blocksize:128,per weight bits:2.650390625,group_size:4096,cluster_1:4,cluster_2:8
blocksize:128,per weight bits:2.7265625,group_size:1024,cluster_1:4,cluster_2:8
6 self_attn.k_proj
Quantizing ...
6 self_attn.v_proj
Quantizing ...
6 self_attn.q_proj
Quantizing ...
6 self_attn.out_proj
Quantizing ...
6 fc1
Quantizing ...
6 fc2
Quantizing ...
blocksize:128,per weight bits:2.7265625,group_size:1024,cluster_1:4,cluster_2:8
blocksize:128,per weight bits:2.7265625,group_size:1024,cluster_1:4,cluster_2:8
blocksize:128,per weight bits:2.7265625,group_size:1024,cluster_1:4,cluster_2:8
blocksize:128,per weight bits:2.7265625,group_size:1024,cluster_1:4,cluster_2:8
blocksize:128,per weight bits:2.650390625,group_size:4096,cluster_1:4,cluster_2:8
blocksize:128,per weight bits:2.7265625,group_size:1024,cluster_1:4,cluster_2:8
7 self_attn.k_proj
Quantizing ...
7 self_attn.v_proj
Quantizing ...
7 self_attn.q_proj
Quantizing ...
7 self_attn.out_proj
Quantizing ...
7 fc1
Quantizing ...
7 fc2
Quantizing ...
blocksize:128,per weight bits:2.7265625,group_size:1024,cluster_1:4,cluster_2:8
blocksize:128,per weight bits:2.7265625,group_size:1024,cluster_1:4,cluster_2:8
blocksize:128,per weight bits:2.7265625,group_size:1024,cluster_1:4,cluster_2:8
blocksize:128,per weight bits:2.7265625,group_size:1024,cluster_1:4,cluster_2:8
blocksize:128,per weight bits:2.650390625,group_size:4096,cluster_1:4,cluster_2:8
blocksize:128,per weight bits:2.7265625,group_size:1024,cluster_1:4,cluster_2:8
8 self_attn.k_proj
Quantizing ...
8 self_attn.v_proj
Quantizing ...
8 self_attn.q_proj
Quantizing ...
8 self_attn.out_proj
Quantizing ...
8 fc1
Quantizing ...
8 fc2
Quantizing ...
blocksize:128,per weight bits:2.7265625,group_size:1024,cluster_1:4,cluster_2:8
blocksize:128,per weight bits:2.7265625,group_size:1024,cluster_1:4,cluster_2:8
blocksize:128,per weight bits:2.7265625,group_size:1024,cluster_1:4,cluster_2:8
blocksize:128,per weight bits:2.7265625,group_size:1024,cluster_1:4,cluster_2:8
blocksize:128,per weight bits:2.650390625,group_size:4096,cluster_1:4,cluster_2:8
blocksize:128,per weight bits:2.7265625,group_size:1024,cluster_1:4,cluster_2:8
9 self_attn.k_proj
Quantizing ...
9 self_attn.v_proj
Quantizing ...
9 self_attn.q_proj
Quantizing ...
9 self_attn.out_proj
Quantizing ...
9 fc1
Quantizing ...
9 fc2
Quantizing ...
blocksize:128,per weight bits:2.7265625,group_size:1024,cluster_1:4,cluster_2:8
blocksize:128,per weight bits:2.7265625,group_size:1024,cluster_1:4,cluster_2:8
blocksize:128,per weight bits:2.7265625,group_size:1024,cluster_1:4,cluster_2:8
blocksize:128,per weight bits:2.7265625,group_size:1024,cluster_1:4,cluster_2:8
blocksize:128,per weight bits:2.650390625,group_size:4096,cluster_1:4,cluster_2:8
blocksize:128,per weight bits:2.7265625,group_size:1024,cluster_1:4,cluster_2:8
10 self_attn.k_proj
Quantizing ...
10 self_attn.v_proj
Quantizing ...
10 self_attn.q_proj
Quantizing ...
10 self_attn.out_proj
Quantizing ...
10 fc1
Quantizing ...
10 fc2
Quantizing ...
blocksize:128,per weight bits:2.7265625,group_size:1024,cluster_1:4,cluster_2:8
blocksize:128,per weight bits:2.7265625,group_size:1024,cluster_1:4,cluster_2:8
blocksize:128,per weight bits:2.7265625,group_size:1024,cluster_1:4,cluster_2:8
blocksize:128,per weight bits:2.7265625,group_size:1024,cluster_1:4,cluster_2:8
blocksize:128,per weight bits:2.650390625,group_size:4096,cluster_1:4,cluster_2:8
blocksize:128,per weight bits:2.7265625,group_size:1024,cluster_1:4,cluster_2:8
11 self_attn.k_proj
Quantizing ...
11 self_attn.v_proj
Quantizing ...
11 self_attn.q_proj
Quantizing ...
11 self_attn.out_proj
Quantizing ...
11 fc1
Quantizing ...
11 fc2
Quantizing ...
blocksize:128,per weight bits:2.7265625,group_size:1024,cluster_1:4,cluster_2:8
blocksize:128,per weight bits:2.7265625,group_size:1024,cluster_1:4,cluster_2:8
blocksize:128,per weight bits:2.7265625,group_size:1024,cluster_1:4,cluster_2:8
blocksize:128,per weight bits:2.7265625,group_size:1024,cluster_1:4,cluster_2:8
blocksize:128,per weight bits:2.650390625,group_size:4096,cluster_1:4,cluster_2:8
blocksize:128,per weight bits:2.7265625,group_size:1024,cluster_1:4,cluster_2:8
12 self_attn.k_proj
Quantizing ...
12 self_attn.v_proj
Quantizing ...
12 self_attn.q_proj
Quantizing ...
12 self_attn.out_proj
Quantizing ...
12 fc1
Quantizing ...
12 fc2
Quantizing ...
blocksize:128,per weight bits:2.7265625,group_size:1024,cluster_1:4,cluster_2:8
blocksize:128,per weight bits:2.7265625,group_size:1024,cluster_1:4,cluster_2:8
blocksize:128,per weight bits:2.7265625,group_size:1024,cluster_1:4,cluster_2:8
blocksize:128,per weight bits:2.7265625,group_size:1024,cluster_1:4,cluster_2:8
blocksize:128,per weight bits:2.650390625,group_size:4096,cluster_1:4,cluster_2:8
blocksize:128,per weight bits:2.7265625,group_size:1024,cluster_1:4,cluster_2:8
13 self_attn.k_proj
Quantizing ...
13 self_attn.v_proj
Quantizing ...
13 self_attn.q_proj
Quantizing ...
13 self_attn.out_proj
Quantizing ...
13 fc1
Quantizing ...
13 fc2
Quantizing ...
blocksize:128,per weight bits:2.7265625,group_size:1024,cluster_1:4,cluster_2:8
blocksize:128,per weight bits:2.7265625,group_size:1024,cluster_1:4,cluster_2:8
blocksize:128,per weight bits:2.7265625,group_size:1024,cluster_1:4,cluster_2:8
blocksize:128,per weight bits:2.7265625,group_size:1024,cluster_1:4,cluster_2:8
blocksize:128,per weight bits:2.650390625,group_size:4096,cluster_1:4,cluster_2:8
blocksize:128,per weight bits:2.7265625,group_size:1024,cluster_1:4,cluster_2:8
14 self_attn.k_proj
Quantizing ...
14 self_attn.v_proj
Quantizing ...
14 self_attn.q_proj
Quantizing ...
14 self_attn.out_proj
Quantizing ...
14 fc1
Quantizing ...
14 fc2
Quantizing ...
blocksize:128,per weight bits:2.7265625,group_size:1024,cluster_1:4,cluster_2:8
blocksize:128,per weight bits:2.7265625,group_size:1024,cluster_1:4,cluster_2:8
blocksize:128,per weight bits:2.7265625,group_size:1024,cluster_1:4,cluster_2:8
blocksize:128,per weight bits:2.7265625,group_size:1024,cluster_1:4,cluster_2:8
blocksize:128,per weight bits:2.650390625,group_size:4096,cluster_1:4,cluster_2:8
blocksize:128,per weight bits:2.7265625,group_size:1024,cluster_1:4,cluster_2:8
15 self_attn.k_proj
Quantizing ...
15 self_attn.v_proj
Quantizing ...
15 self_attn.q_proj
Quantizing ...
15 self_attn.out_proj
Quantizing ...
15 fc1
Quantizing ...
15 fc2
Quantizing ...
blocksize:128,per weight bits:2.7265625,group_size:1024,cluster_1:4,cluster_2:8
blocksize:128,per weight bits:2.7265625,group_size:1024,cluster_1:4,cluster_2:8
blocksize:128,per weight bits:2.7265625,group_size:1024,cluster_1:4,cluster_2:8
blocksize:128,per weight bits:2.7265625,group_size:1024,cluster_1:4,cluster_2:8
blocksize:128,per weight bits:2.650390625,group_size:4096,cluster_1:4,cluster_2:8
blocksize:128,per weight bits:2.7265625,group_size:1024,cluster_1:4,cluster_2:8
16 self_attn.k_proj
Quantizing ...
16 self_attn.v_proj
Quantizing ...
16 self_attn.q_proj
Quantizing ...
16 self_attn.out_proj
Quantizing ...
16 fc1
Quantizing ...
16 fc2
Quantizing ...
blocksize:128,per weight bits:2.7265625,group_size:1024,cluster_1:4,cluster_2:8
blocksize:128,per weight bits:2.7265625,group_size:1024,cluster_1:4,cluster_2:8
blocksize:128,per weight bits:2.7265625,group_size:1024,cluster_1:4,cluster_2:8
blocksize:128,per weight bits:2.7265625,group_size:1024,cluster_1:4,cluster_2:8
blocksize:128,per weight bits:2.650390625,group_size:4096,cluster_1:4,cluster_2:8
blocksize:128,per weight bits:2.7265625,group_size:1024,cluster_1:4,cluster_2:8
17 self_attn.k_proj
Quantizing ...
17 self_attn.v_proj
Quantizing ...
17 self_attn.q_proj
Quantizing ...
17 self_attn.out_proj
Quantizing ...
17 fc1
Quantizing ...
17 fc2
Quantizing ...
blocksize:128,per weight bits:2.7265625,group_size:1024,cluster_1:4,cluster_2:8
blocksize:128,per weight bits:2.7265625,group_size:1024,cluster_1:4,cluster_2:8
blocksize:128,per weight bits:2.7265625,group_size:1024,cluster_1:4,cluster_2:8
blocksize:128,per weight bits:2.7265625,group_size:1024,cluster_1:4,cluster_2:8
blocksize:128,per weight bits:2.650390625,group_size:4096,cluster_1:4,cluster_2:8
blocksize:128,per weight bits:2.7265625,group_size:1024,cluster_1:4,cluster_2:8
18 self_attn.k_proj
Quantizing ...
18 self_attn.v_proj
Quantizing ...
18 self_attn.q_proj
Quantizing ...
18 self_attn.out_proj
Quantizing ...
18 fc1
Quantizing ...
18 fc2
Quantizing ...
blocksize:128,per weight bits:2.7265625,group_size:1024,cluster_1:4,cluster_2:8
blocksize:128,per weight bits:2.7265625,group_size:1024,cluster_1:4,cluster_2:8
blocksize:128,per weight bits:2.7265625,group_size:1024,cluster_1:4,cluster_2:8
blocksize:128,per weight bits:2.7265625,group_size:1024,cluster_1:4,cluster_2:8
blocksize:128,per weight bits:2.650390625,group_size:4096,cluster_1:4,cluster_2:8
blocksize:128,per weight bits:2.7265625,group_size:1024,cluster_1:4,cluster_2:8
19 self_attn.k_proj
Quantizing ...
19 self_attn.v_proj
Quantizing ...
19 self_attn.q_proj
Quantizing ...
19 self_attn.out_proj
Quantizing ...
19 fc1
Quantizing ...
19 fc2
Quantizing ...
blocksize:128,per weight bits:2.7265625,group_size:1024,cluster_1:4,cluster_2:8
blocksize:128,per weight bits:2.7265625,group_size:1024,cluster_1:4,cluster_2:8
blocksize:128,per weight bits:2.7265625,group_size:1024,cluster_1:4,cluster_2:8
blocksize:128,per weight bits:2.7265625,group_size:1024,cluster_1:4,cluster_2:8
blocksize:128,per weight bits:2.650390625,group_size:4096,cluster_1:4,cluster_2:8
blocksize:128,per weight bits:2.7265625,group_size:1024,cluster_1:4,cluster_2:8
20 self_attn.k_proj
Quantizing ...
20 self_attn.v_proj
Quantizing ...
20 self_attn.q_proj
Quantizing ...
20 self_attn.out_proj
Quantizing ...
20 fc1
Quantizing ...
20 fc2
Quantizing ...
blocksize:128,per weight bits:2.7265625,group_size:1024,cluster_1:4,cluster_2:8
blocksize:128,per weight bits:2.7265625,group_size:1024,cluster_1:4,cluster_2:8
blocksize:128,per weight bits:2.7265625,group_size:1024,cluster_1:4,cluster_2:8
blocksize:128,per weight bits:2.7265625,group_size:1024,cluster_1:4,cluster_2:8
blocksize:128,per weight bits:2.650390625,group_size:4096,cluster_1:4,cluster_2:8
blocksize:128,per weight bits:2.7265625,group_size:1024,cluster_1:4,cluster_2:8
21 self_attn.k_proj
Quantizing ...
21 self_attn.v_proj
Quantizing ...
21 self_attn.q_proj
Quantizing ...
21 self_attn.out_proj
Quantizing ...
21 fc1
Quantizing ...
21 fc2
Quantizing ...
blocksize:128,per weight bits:2.7265625,group_size:1024,cluster_1:4,cluster_2:8
blocksize:128,per weight bits:2.7265625,group_size:1024,cluster_1:4,cluster_2:8
blocksize:128,per weight bits:2.7265625,group_size:1024,cluster_1:4,cluster_2:8
blocksize:128,per weight bits:2.7265625,group_size:1024,cluster_1:4,cluster_2:8
blocksize:128,per weight bits:2.650390625,group_size:4096,cluster_1:4,cluster_2:8
blocksize:128,per weight bits:2.7265625,group_size:1024,cluster_1:4,cluster_2:8
22 self_attn.k_proj
Quantizing ...
22 self_attn.v_proj
Quantizing ...
22 self_attn.q_proj
Quantizing ...
22 self_attn.out_proj
Quantizing ...
22 fc1
Quantizing ...
22 fc2
Quantizing ...
blocksize:128,per weight bits:2.7265625,group_size:1024,cluster_1:4,cluster_2:8
blocksize:128,per weight bits:2.7265625,group_size:1024,cluster_1:4,cluster_2:8
blocksize:128,per weight bits:2.7265625,group_size:1024,cluster_1:4,cluster_2:8
blocksize:128,per weight bits:2.7265625,group_size:1024,cluster_1:4,cluster_2:8
blocksize:128,per weight bits:2.650390625,group_size:4096,cluster_1:4,cluster_2:8
blocksize:128,per weight bits:2.7265625,group_size:1024,cluster_1:4,cluster_2:8
23 self_attn.k_proj
Quantizing ...
23 self_attn.v_proj
Quantizing ...
23 self_attn.q_proj
Quantizing ...
23 self_attn.out_proj
Quantizing ...
23 fc1
Quantizing ...
23 fc2
Quantizing ...
quantization time: 453.47362327575684 s
wikitext2
Evaluating ...
0
1
2
3
4
5
6
7
8
9
10
11
12
13
14
15
16
17
18
19
20
21
22
23
Perplexity: 40.304230
{'wikitext2/perplexity': 40.304229736328125}
ptb
Evaluating ...
0
1
2
3
4
5
6
7
8
9
10
11
12
13
14
15
16
17
18
19
20
21
22
23
Perplexity: 54.782234
{'ptb/perplexity': 54.78223419189453}
c4
Evaluating ...
0
1
2
3
4
5
6
7
8
9
10
11
12
13
14
15
16
17
18
19
20
21
22
23
Perplexity: 35.680489
{'c4/perplexity': 35.68048858642578}
