`torch_dtype` is deprecated! Use `dtype` instead!
Loading model ...
/data/xjh/model_weight/opt/opt-2.7b
Model loaded.
model OPTForCausalLM(
  (model): OPTModel(
    (decoder): OPTDecoder(
      (embed_tokens): Embedding(50272, 2560, padding_idx=1)
      (embed_positions): OPTLearnedPositionalEmbedding(2050, 2560)
      (final_layer_norm): LayerNorm((2560,), eps=1e-05, elementwise_affine=True)
      (layers): ModuleList(
        (0-31): 32 x OPTDecoderLayer(
          (self_attn): OPTAttention(
            (k_proj): Linear(in_features=2560, out_features=2560, bias=True)
            (v_proj): Linear(in_features=2560, out_features=2560, bias=True)
            (q_proj): Linear(in_features=2560, out_features=2560, bias=True)
            (out_proj): Linear(in_features=2560, out_features=2560, bias=True)
          )
          (activation_fn): ReLU()
          (self_attn_layer_norm): LayerNorm((2560,), eps=1e-05, elementwise_affine=True)
          (fc1): Linear(in_features=2560, out_features=10240, bias=True)
          (fc2): Linear(in_features=10240, out_features=2560, bias=True)
          (final_layer_norm): LayerNorm((2560,), eps=1e-05, elementwise_affine=True)
        )
      )
    )
  )
  (lm_head): Linear(in_features=2560, out_features=50272, bias=False)
)
xjh_edit,load from local file:/data/xjh/dataset/c4_part,get c4
Starting ...
OPT model detected.
Ready.
0 self_attn.k_proj
Quantizing ...
time 0.47
error 136008.8125
0 self_attn.v_proj
Quantizing ...
time 0.40
error 36749.26953125
0 self_attn.q_proj
Quantizing ...
time 0.39
error 133953.078125
0 self_attn.out_proj
Quantizing ...
time 0.40
error 120.11274719238281
0 fc1
Quantizing ...
time 0.40
error 137587.140625
0 fc2
Quantizing ...
time 1.67
error 922.933837890625
1 self_attn.k_proj
Quantizing ...
time 0.40
error 21979.431640625
1 self_attn.v_proj
Quantizing ...
time 0.39
error 17601.58203125
1 self_attn.q_proj
Quantizing ...
time 0.40
error 21811.416015625
1 self_attn.out_proj
Quantizing ...
time 0.39
error 3.476161241531372
1 fc1
Quantizing ...
time 0.40
error 109707.59375
1 fc2
Quantizing ...
time 1.66
error 508.2906494140625
2 self_attn.k_proj
Quantizing ...
time 0.40
error 32629.68359375
2 self_attn.v_proj
Quantizing ...
time 0.40
error 24916.53125
2 self_attn.q_proj
Quantizing ...
time 0.41
error 25826.47265625
2 self_attn.out_proj
Quantizing ...
time 0.41
error 6.983874320983887
2 fc1
Quantizing ...
time 0.44
error 121881.71875
2 fc2
Quantizing ...
time 1.76
error 440.15570068359375
3 self_attn.k_proj
Quantizing ...
time 0.44
error 24545.482421875
3 self_attn.v_proj
Quantizing ...
time 0.41
error 26876.6796875
3 self_attn.q_proj
Quantizing ...
time 0.42
error 21175.2734375
3 self_attn.out_proj
Quantizing ...
time 0.41
error 16.461132049560547
3 fc1
Quantizing ...
time 0.42
error 101903.171875
3 fc2
Quantizing ...
time 1.67
error 576.2576904296875
4 self_attn.k_proj
Quantizing ...
time 0.39
error 35130.8203125
4 self_attn.v_proj
Quantizing ...
time 0.39
error 30066.80859375
4 self_attn.q_proj
Quantizing ...
time 0.39
error 37249.33203125
4 self_attn.out_proj
Quantizing ...
time 0.40
error 47.99793243408203
4 fc1
Quantizing ...
time 0.40
error 104348.703125
4 fc2
Quantizing ...
time 1.67
error 717.9312133789062
5 self_attn.k_proj
Quantizing ...
time 0.39
error 42281.265625
5 self_attn.v_proj
Quantizing ...
time 0.40
error 31100.00390625
5 self_attn.q_proj
Quantizing ...
time 0.39
error 46151.0625
5 self_attn.out_proj
Quantizing ...
time 0.39
error 105.54976654052734
5 fc1
Quantizing ...
time 0.40
error 136446.0625
5 fc2
Quantizing ...
time 1.66
error 870.5284423828125
6 self_attn.k_proj
Quantizing ...
time 0.39
error 43569.76171875
6 self_attn.v_proj
Quantizing ...
time 0.40
error 36657.9921875
6 self_attn.q_proj
Quantizing ...
time 0.40
error 47264.5078125
6 self_attn.out_proj
Quantizing ...
time 0.39
error 269.30523681640625
6 fc1
Quantizing ...
time 0.40
error 174629.15625
6 fc2
Quantizing ...
time 1.66
error 1129.1824951171875
7 self_attn.k_proj
Quantizing ...
time 0.39
error 40666.984375
7 self_attn.v_proj
Quantizing ...
time 0.39
error 38567.640625
7 self_attn.q_proj
Quantizing ...
time 0.40
error 59171.25390625
7 self_attn.out_proj
Quantizing ...
time 0.40
error 235.90858459472656
7 fc1
Quantizing ...
time 0.40
error 213013.5
7 fc2
Quantizing ...
time 1.68
error 1168.1917724609375
8 self_attn.k_proj
Quantizing ...
time 0.40
error 65738.796875
8 self_attn.v_proj
Quantizing ...
time 0.39
error 48018.44921875
8 self_attn.q_proj
Quantizing ...
time 0.39
error 99253.0
8 self_attn.out_proj
Quantizing ...
time 0.39
error 335.55938720703125
8 fc1
Quantizing ...
time 0.40
error 252765.890625
8 fc2
Quantizing ...
time 1.67
error 1251.9713134765625
9 self_attn.k_proj
Quantizing ...
time 0.40
error 89030.140625
9 self_attn.v_proj
Quantizing ...
time 0.39
error 54234.46875
9 self_attn.q_proj
Quantizing ...
time 0.40
error 127707.875
9 self_attn.out_proj
Quantizing ...
time 0.39
error 476.81195068359375
9 fc1
Quantizing ...
time 0.40
error 286918.0
9 fc2
Quantizing ...
time 1.67
error 1636.645263671875
10 self_attn.k_proj
Quantizing ...
time 0.40
error 117867.328125
10 self_attn.v_proj
Quantizing ...
time 0.40
error 58365.5859375
10 self_attn.q_proj
Quantizing ...
time 0.40
error 155710.125
10 self_attn.out_proj
Quantizing ...
time 0.40
error 818.5292358398438
10 fc1
Quantizing ...
time 0.40
error 357569.3125
10 fc2
Quantizing ...
time 1.68
error 2497.88671875
11 self_attn.k_proj
Quantizing ...
time 0.40
error 149132.21875
11 self_attn.v_proj
Quantizing ...
time 0.40
error 66282.84375
11 self_attn.q_proj
Quantizing ...
time 0.39
error 182221.046875
11 self_attn.out_proj
Quantizing ...
time 0.39
error 1038.496337890625
11 fc1
Quantizing ...
time 0.40
error 420870.0
11 fc2
Quantizing ...
time 1.67
error 2574.35546875
12 self_attn.k_proj
Quantizing ...
time 0.40
error 168441.546875
12 self_attn.v_proj
Quantizing ...
time 0.39
error 72500.2109375
12 self_attn.q_proj
Quantizing ...
time 0.39
error 198201.4375
12 self_attn.out_proj
Quantizing ...
time 0.39
error 1491.451171875
12 fc1
Quantizing ...
time 0.40
error 477050.25
12 fc2
Quantizing ...
time 1.66
error 3750.7412109375
13 self_attn.k_proj
Quantizing ...
time 0.39
error 195415.078125
13 self_attn.v_proj
Quantizing ...
time 0.39
error 76516.640625
13 self_attn.q_proj
Quantizing ...
time 0.39
error 228428.046875
13 self_attn.out_proj
Quantizing ...
time 0.39
error 1952.783935546875
13 fc1
Quantizing ...
time 0.40
error 556558.3125
13 fc2
Quantizing ...
time 1.67
error 4859.8623046875
14 self_attn.k_proj
Quantizing ...
time 0.42
error 212444.078125
14 self_attn.v_proj
Quantizing ...
time 0.47
error 87756.015625
14 self_attn.q_proj
Quantizing ...
time 0.42
error 248206.921875
14 self_attn.out_proj
Quantizing ...
time 0.43
error 2570.009033203125
14 fc1
Quantizing ...
time 0.43
error 645287.5
14 fc2
Quantizing ...
time 1.78
error 7172.9267578125
15 self_attn.k_proj
Quantizing ...
time 0.44
error 260868.4375
15 self_attn.v_proj
Quantizing ...
time 0.44
error 94560.984375
15 self_attn.q_proj
Quantizing ...
time 0.40
error 304840.75
15 self_attn.out_proj
Quantizing ...
time 0.40
error 3769.11279296875
15 fc1
Quantizing ...
time 0.40
error 703344.125
15 fc2
Quantizing ...
time 1.81
error 7817.0205078125
16 self_attn.k_proj
Quantizing ...
time 0.40
error 258849.0
16 self_attn.v_proj
Quantizing ...
time 0.40
error 108463.0703125
16 self_attn.q_proj
Quantizing ...
time 0.40
error 302643.40625
16 self_attn.out_proj
Quantizing ...
time 0.39
error 4833.84716796875
16 fc1
Quantizing ...
time 0.41
error 771182.875
16 fc2
Quantizing ...
time 1.68
error 11099.7607421875
17 self_attn.k_proj
Quantizing ...
time 0.40
error 270907.78125
17 self_attn.v_proj
Quantizing ...
time 0.39
error 130696.78125
17 self_attn.q_proj
Quantizing ...
time 0.39
error 309396.4375
17 self_attn.out_proj
Quantizing ...
time 0.40
error 6055.1708984375
17 fc1
Quantizing ...
time 0.40
error 847434.75
17 fc2
Quantizing ...
time 1.66
error 13430.3544921875
18 self_attn.k_proj
Quantizing ...
time 0.40
error 311834.0625
18 self_attn.v_proj
Quantizing ...
time 0.41
error 157549.078125
18 self_attn.q_proj
Quantizing ...
time 0.39
error 349926.8125
18 self_attn.out_proj
Quantizing ...
time 0.39
error 12017.134765625
18 fc1
Quantizing ...
time 0.40
error 938051.8125
18 fc2
Quantizing ...
time 1.67
error 15632.466796875
19 self_attn.k_proj
Quantizing ...
time 0.40
error 266446.0
19 self_attn.v_proj
Quantizing ...
time 0.40
error 181158.5625
19 self_attn.q_proj
Quantizing ...
time 0.39
error 303605.25
19 self_attn.out_proj
Quantizing ...
time 0.40
error 10240.259765625
19 fc1
Quantizing ...
time 0.40
error 1033057.125
19 fc2
Quantizing ...
time 1.67
error 21158.6640625
20 self_attn.k_proj
Quantizing ...
time 0.39
error 313251.53125
20 self_attn.v_proj
Quantizing ...
time 0.40
error 219429.71875
20 self_attn.q_proj
Quantizing ...
time 0.39
error 357809.1875
20 self_attn.out_proj
Quantizing ...
time 0.40
error 17445.1640625
20 fc1
Quantizing ...
time 0.40
error 1158511.0
20 fc2
Quantizing ...
time 1.67
error 19833.42578125
21 self_attn.k_proj
Quantizing ...
time 0.39
error 298890.25
21 self_attn.v_proj
Quantizing ...
time 0.39
error 239993.5625
21 self_attn.q_proj
Quantizing ...
time 0.40
error 347979.0625
21 self_attn.out_proj
Quantizing ...
time 0.40
error 15617.287109375
21 fc1
Quantizing ...
time 0.40
error 1193644.25
21 fc2
Quantizing ...
time 1.66
error 22429.734375
22 self_attn.k_proj
Quantizing ...
time 0.40
error 282687.1875
22 self_attn.v_proj
Quantizing ...
time 0.40
error 252637.46875
22 self_attn.q_proj
Quantizing ...
time 0.39
error 332063.875
22 self_attn.out_proj
Quantizing ...
time 0.40
error 20978.0
22 fc1
Quantizing ...
time 0.40
error 1296847.625
22 fc2
Quantizing ...
time 1.67
error 27428.71875
23 self_attn.k_proj
Quantizing ...
time 0.40
error 306373.4375
23 self_attn.v_proj
Quantizing ...
time 0.40
error 284654.6875
23 self_attn.q_proj
Quantizing ...
time 0.39
error 360379.15625
23 self_attn.out_proj
Quantizing ...
time 0.39
error 35769.4375
23 fc1
Quantizing ...
time 0.40
error 1425741.375
23 fc2
Quantizing ...
time 1.66
error 27369.8984375
24 self_attn.k_proj
Quantizing ...
time 0.39
error 295538.8125
24 self_attn.v_proj
Quantizing ...
time 0.39
error 306577.75
24 self_attn.q_proj
Quantizing ...
time 0.39
error 349227.875
24 self_attn.out_proj
Quantizing ...
time 0.40
error 26145.98046875
24 fc1
Quantizing ...
time 0.40
error 1483778.25
24 fc2
Quantizing ...
time 1.67
error 28935.857421875
25 self_attn.k_proj
Quantizing ...
time 0.40
error 290324.125
25 self_attn.v_proj
Quantizing ...
time 0.39
error 361977.1875
25 self_attn.q_proj
Quantizing ...
time 0.39
error 356082.5625
25 self_attn.out_proj
Quantizing ...
time 0.40
error 29446.02734375
25 fc1
Quantizing ...
time 0.40
error 1498146.375
25 fc2
Quantizing ...
time 1.67
error 33171.328125
26 self_attn.k_proj
Quantizing ...
time 0.42
error 278883.25
26 self_attn.v_proj
Quantizing ...
time 0.42
error 354989.8125
26 self_attn.q_proj
Quantizing ...
time 0.42
error 346132.0625
26 self_attn.out_proj
Quantizing ...
time 0.42
error 55616.51171875
26 fc1
Quantizing ...
time 0.42
error 1572615.0
26 fc2
Quantizing ...
time 1.78
error 42101.578125
27 self_attn.k_proj
Quantizing ...
time 0.39
error 292864.1875
27 self_attn.v_proj
Quantizing ...
time 0.40
error 408365.96875
27 self_attn.q_proj
Quantizing ...
time 0.39
error 372262.90625
27 self_attn.out_proj
Quantizing ...
time 0.41
error 71408.046875
27 fc1
Quantizing ...
time 0.49
error 1551483.5
27 fc2
Quantizing ...
time 1.78
error 41672.37890625
28 self_attn.k_proj
Quantizing ...
time 0.40
error 277947.375
28 self_attn.v_proj
Quantizing ...
time 0.39
error 394563.75
28 self_attn.q_proj
Quantizing ...
time 0.39
error 351761.46875
28 self_attn.out_proj
Quantizing ...
time 0.39
error 75312.3359375
28 fc1
Quantizing ...
time 0.40
error 1482924.625
28 fc2
Quantizing ...
time 1.65
error 55852.87890625
29 self_attn.k_proj
Quantizing ...
time 0.39
error 300814.3125
29 self_attn.v_proj
Quantizing ...
time 0.39
error 397009.21875
29 self_attn.q_proj
Quantizing ...
time 0.39
error 406809.375
29 self_attn.out_proj
Quantizing ...
time 0.39
error 53688.515625
29 fc1
Quantizing ...
time 0.40
error 1296497.75
29 fc2
Quantizing ...
time 1.66
error 54570.03125
30 self_attn.k_proj
Quantizing ...
time 0.40
error 322799.0
30 self_attn.v_proj
Quantizing ...
time 0.39
error 379454.9375
30 self_attn.q_proj
Quantizing ...
time 0.39
error 447654.625
30 self_attn.out_proj
Quantizing ...
time 0.39
error 83910.09375
30 fc1
Quantizing ...
time 0.40
error 1213599.625
30 fc2
Quantizing ...
time 1.67
error 53988.484375
31 self_attn.k_proj
Quantizing ...
time 0.39
error 362428.125
31 self_attn.v_proj
Quantizing ...
time 0.39
error 329127.5625
31 self_attn.q_proj
Quantizing ...
time 0.39
error 540604.625
31 self_attn.out_proj
Quantizing ...
time 0.40
error 133951.4375
31 fc1
Quantizing ...
time 0.40
error 1273726.25
31 fc2
Quantizing ...
time 1.66
error 54353.140625
model.decoder.embed_tokens.weight tensor(7.2263e-07)
model.decoder.embed_positions.weight tensor(0.0005)
model.decoder.final_layer_norm.weight tensor(0.)
model.decoder.final_layer_norm.bias tensor(0.)
model.decoder.layers.0.self_attn.k_proj.weight tensor(9.1553e-07)
model.decoder.layers.0.self_attn.k_proj.bias tensor(0.)
model.decoder.layers.0.self_attn.v_proj.weight tensor(3.0518e-07)
model.decoder.layers.0.self_attn.v_proj.bias tensor(0.)
model.decoder.layers.0.self_attn.q_proj.weight tensor(1.9836e-06)
model.decoder.layers.0.self_attn.q_proj.bias tensor(0.)
model.decoder.layers.0.self_attn.out_proj.weight tensor(1.0529e-05)
model.decoder.layers.0.self_attn.out_proj.bias tensor(0.)
model.decoder.layers.0.self_attn_layer_norm.weight tensor(0.)
model.decoder.layers.0.self_attn_layer_norm.bias tensor(0.)
model.decoder.layers.0.fc1.weight tensor(9.8419e-06)
model.decoder.layers.0.fc1.bias tensor(0.)
model.decoder.layers.0.fc2.weight tensor(2.3460e-05)
202.17880964279175
xjh_edit,load from local file:/data/xjh/dataset/wikitext-2-raw-v1,get wikitext2
wikitext2
Evaluating ...
0
1
2
3
4
5
6
7
8
9
10
11
12
13
14
15
16
17
18
19
20
21
22
23
24
25
26
27
28
29
30
31
Perplexity: 134.269180
{'wikitext2/perplexity': 134.26918029785156}
xjh_edit,load from local file:/data/xjh/dataset/ptb_text_only,get ptb
ptb
Evaluating ...
0
1
2
3
4
5
6
7
8
9
10
11
12
13
14
15
16
17
18
19
20
21
22
23
24
25
26
27
28
29
30
31
Perplexity: 136.474823
{'ptb/perplexity': 136.47482299804688}
xjh_edit,load from local file:/data/xjh/dataset/c4_part,get c4
c4
Evaluating ...
0
1
2
3
4
5
6
7
8
9
10
11
12
13
14
15
16
17
18
19
20
21
22
23
24
25
26
27
28
29
30
31
Perplexity: 100.360092
{'c4/perplexity': 100.36009216308594}
