2026-01-22 18:27:05,990 - urllib3.connectionpool - DEBUG - Starting new HTTPS connection (1): s3.amazonaws.com:443
2026-01-22 18:27:06,774 - urllib3.connectionpool - DEBUG - https://s3.amazonaws.com:443 "HEAD /datasets.huggingface.co/datasets/datasets/json/json.py HTTP/11" 200 0
2026-01-22 18:27:06,778 - filelock - DEBUG - Attempting to acquire lock 140230422056064 on /home/xjh/.cache/huggingface/datasets/_home_xjh_.cache_huggingface_datasets_json_default-07a3d7608cc7c204_0.0.0_ff8895240c1c6d49c1ae5a8af7cd4b065d168a612f3f6bd42470270b78a42c18.lock
2026-01-22 18:27:06,778 - filelock - DEBUG - Lock 140230422056064 acquired on /home/xjh/.cache/huggingface/datasets/_home_xjh_.cache_huggingface_datasets_json_default-07a3d7608cc7c204_0.0.0_ff8895240c1c6d49c1ae5a8af7cd4b065d168a612f3f6bd42470270b78a42c18.lock
2026-01-22 18:27:06,778 - filelock - DEBUG - Attempting to release lock 140230422056064 on /home/xjh/.cache/huggingface/datasets/_home_xjh_.cache_huggingface_datasets_json_default-07a3d7608cc7c204_0.0.0_ff8895240c1c6d49c1ae5a8af7cd4b065d168a612f3f6bd42470270b78a42c18.lock
2026-01-22 18:27:06,778 - filelock - DEBUG - Lock 140230422056064 released on /home/xjh/.cache/huggingface/datasets/_home_xjh_.cache_huggingface_datasets_json_default-07a3d7608cc7c204_0.0.0_ff8895240c1c6d49c1ae5a8af7cd4b065d168a612f3f6bd42470270b78a42c18.lock
2026-01-22 18:27:06,787 - filelock - DEBUG - Attempting to acquire lock 140230402891104 on /home/xjh/.cache/huggingface/datasets/json/default-07a3d7608cc7c204/0.0.0/8bb11242116d547c741b2e8a1f18598ffdd40a1d4f2a2872c7a28b697434bc96_builder.lock
2026-01-22 18:27:06,787 - filelock - DEBUG - Lock 140230402891104 acquired on /home/xjh/.cache/huggingface/datasets/json/default-07a3d7608cc7c204/0.0.0/8bb11242116d547c741b2e8a1f18598ffdd40a1d4f2a2872c7a28b697434bc96_builder.lock
2026-01-22 18:27:06,787 - fsspec.local - DEBUG - open file: /home/xjh/.cache/huggingface/datasets/json/default-07a3d7608cc7c204/0.0.0/8bb11242116d547c741b2e8a1f18598ffdd40a1d4f2a2872c7a28b697434bc96/dataset_info.json
2026-01-22 18:27:06,787 - filelock - DEBUG - Attempting to release lock 140230402891104 on /home/xjh/.cache/huggingface/datasets/json/default-07a3d7608cc7c204/0.0.0/8bb11242116d547c741b2e8a1f18598ffdd40a1d4f2a2872c7a28b697434bc96_builder.lock
2026-01-22 18:27:06,787 - filelock - DEBUG - Lock 140230402891104 released on /home/xjh/.cache/huggingface/datasets/json/default-07a3d7608cc7c204/0.0.0/8bb11242116d547c741b2e8a1f18598ffdd40a1d4f2a2872c7a28b697434bc96_builder.lock
2026-01-22 18:27:07,055 - urllib3.connectionpool - DEBUG - https://s3.amazonaws.com:443 "HEAD /datasets.huggingface.co/datasets/datasets/json/json.py HTTP/11" 200 0
2026-01-22 18:27:07,059 - filelock - DEBUG - Attempting to acquire lock 140230439987888 on /home/xjh/.cache/huggingface/datasets/_home_xjh_.cache_huggingface_datasets_json_default-6a9cca7ecda2bde3_0.0.0_ff8895240c1c6d49c1ae5a8af7cd4b065d168a612f3f6bd42470270b78a42c18.lock
2026-01-22 18:27:07,059 - filelock - DEBUG - Lock 140230439987888 acquired on /home/xjh/.cache/huggingface/datasets/_home_xjh_.cache_huggingface_datasets_json_default-6a9cca7ecda2bde3_0.0.0_ff8895240c1c6d49c1ae5a8af7cd4b065d168a612f3f6bd42470270b78a42c18.lock
2026-01-22 18:27:07,059 - filelock - DEBUG - Attempting to release lock 140230439987888 on /home/xjh/.cache/huggingface/datasets/_home_xjh_.cache_huggingface_datasets_json_default-6a9cca7ecda2bde3_0.0.0_ff8895240c1c6d49c1ae5a8af7cd4b065d168a612f3f6bd42470270b78a42c18.lock
2026-01-22 18:27:07,059 - filelock - DEBUG - Lock 140230439987888 released on /home/xjh/.cache/huggingface/datasets/_home_xjh_.cache_huggingface_datasets_json_default-6a9cca7ecda2bde3_0.0.0_ff8895240c1c6d49c1ae5a8af7cd4b065d168a612f3f6bd42470270b78a42c18.lock
2026-01-22 18:27:07,060 - filelock - DEBUG - Attempting to acquire lock 140230402887072 on /home/xjh/.cache/huggingface/datasets/json/default-6a9cca7ecda2bde3/0.0.0/8bb11242116d547c741b2e8a1f18598ffdd40a1d4f2a2872c7a28b697434bc96_builder.lock
2026-01-22 18:27:07,060 - filelock - DEBUG - Lock 140230402887072 acquired on /home/xjh/.cache/huggingface/datasets/json/default-6a9cca7ecda2bde3/0.0.0/8bb11242116d547c741b2e8a1f18598ffdd40a1d4f2a2872c7a28b697434bc96_builder.lock
2026-01-22 18:27:07,060 - fsspec.local - DEBUG - open file: /home/xjh/.cache/huggingface/datasets/json/default-6a9cca7ecda2bde3/0.0.0/8bb11242116d547c741b2e8a1f18598ffdd40a1d4f2a2872c7a28b697434bc96/dataset_info.json
2026-01-22 18:27:07,060 - filelock - DEBUG - Attempting to release lock 140230402887072 on /home/xjh/.cache/huggingface/datasets/json/default-6a9cca7ecda2bde3/0.0.0/8bb11242116d547c741b2e8a1f18598ffdd40a1d4f2a2872c7a28b697434bc96_builder.lock
2026-01-22 18:27:07,060 - filelock - DEBUG - Lock 140230402887072 released on /home/xjh/.cache/huggingface/datasets/json/default-6a9cca7ecda2bde3/0.0.0/8bb11242116d547c741b2e8a1f18598ffdd40a1d4f2a2872c7a28b697434bc96_builder.lock
