`torch_dtype` is deprecated! Use `dtype` instead!
Loading model ...
/data/xjh/model_weight/opt/opt-13b
Loading checkpoint shards:   0%|          | 0/3 [00:00<?, ?it/s]Loading checkpoint shards: 100%|██████████| 3/3 [00:00<00:00, 37.70it/s]
2026-01-22 18:27:05,990 - urllib3.connectionpool - DEBUG - Starting new HTTPS connection (1): s3.amazonaws.com:443
2026-01-22 18:27:06,774 - urllib3.connectionpool - DEBUG - https://s3.amazonaws.com:443 "HEAD /datasets.huggingface.co/datasets/datasets/json/json.py HTTP/11" 200 0
2026-01-22 18:27:06,778 - filelock - DEBUG - Attempting to acquire lock 140230422056064 on /home/xjh/.cache/huggingface/datasets/_home_xjh_.cache_huggingface_datasets_json_default-07a3d7608cc7c204_0.0.0_ff8895240c1c6d49c1ae5a8af7cd4b065d168a612f3f6bd42470270b78a42c18.lock
2026-01-22 18:27:06,778 - filelock - DEBUG - Lock 140230422056064 acquired on /home/xjh/.cache/huggingface/datasets/_home_xjh_.cache_huggingface_datasets_json_default-07a3d7608cc7c204_0.0.0_ff8895240c1c6d49c1ae5a8af7cd4b065d168a612f3f6bd42470270b78a42c18.lock
2026-01-22 18:27:06,778 - filelock - DEBUG - Attempting to release lock 140230422056064 on /home/xjh/.cache/huggingface/datasets/_home_xjh_.cache_huggingface_datasets_json_default-07a3d7608cc7c204_0.0.0_ff8895240c1c6d49c1ae5a8af7cd4b065d168a612f3f6bd42470270b78a42c18.lock
2026-01-22 18:27:06,778 - filelock - DEBUG - Lock 140230422056064 released on /home/xjh/.cache/huggingface/datasets/_home_xjh_.cache_huggingface_datasets_json_default-07a3d7608cc7c204_0.0.0_ff8895240c1c6d49c1ae5a8af7cd4b065d168a612f3f6bd42470270b78a42c18.lock
2026-01-22 18:27:06,787 - filelock - DEBUG - Attempting to acquire lock 140230402891104 on /home/xjh/.cache/huggingface/datasets/json/default-07a3d7608cc7c204/0.0.0/8bb11242116d547c741b2e8a1f18598ffdd40a1d4f2a2872c7a28b697434bc96_builder.lock
2026-01-22 18:27:06,787 - filelock - DEBUG - Lock 140230402891104 acquired on /home/xjh/.cache/huggingface/datasets/json/default-07a3d7608cc7c204/0.0.0/8bb11242116d547c741b2e8a1f18598ffdd40a1d4f2a2872c7a28b697434bc96_builder.lock
2026-01-22 18:27:06,787 - fsspec.local - DEBUG - open file: /home/xjh/.cache/huggingface/datasets/json/default-07a3d7608cc7c204/0.0.0/8bb11242116d547c741b2e8a1f18598ffdd40a1d4f2a2872c7a28b697434bc96/dataset_info.json
2026-01-22 18:27:06,787 - filelock - DEBUG - Attempting to release lock 140230402891104 on /home/xjh/.cache/huggingface/datasets/json/default-07a3d7608cc7c204/0.0.0/8bb11242116d547c741b2e8a1f18598ffdd40a1d4f2a2872c7a28b697434bc96_builder.lock
2026-01-22 18:27:06,787 - filelock - DEBUG - Lock 140230402891104 released on /home/xjh/.cache/huggingface/datasets/json/default-07a3d7608cc7c204/0.0.0/8bb11242116d547c741b2e8a1f18598ffdd40a1d4f2a2872c7a28b697434bc96_builder.lock
2026-01-22 18:27:07,055 - urllib3.connectionpool - DEBUG - https://s3.amazonaws.com:443 "HEAD /datasets.huggingface.co/datasets/datasets/json/json.py HTTP/11" 200 0
2026-01-22 18:27:07,059 - filelock - DEBUG - Attempting to acquire lock 140230439987888 on /home/xjh/.cache/huggingface/datasets/_home_xjh_.cache_huggingface_datasets_json_default-6a9cca7ecda2bde3_0.0.0_ff8895240c1c6d49c1ae5a8af7cd4b065d168a612f3f6bd42470270b78a42c18.lock
2026-01-22 18:27:07,059 - filelock - DEBUG - Lock 140230439987888 acquired on /home/xjh/.cache/huggingface/datasets/_home_xjh_.cache_huggingface_datasets_json_default-6a9cca7ecda2bde3_0.0.0_ff8895240c1c6d49c1ae5a8af7cd4b065d168a612f3f6bd42470270b78a42c18.lock
2026-01-22 18:27:07,059 - filelock - DEBUG - Attempting to release lock 140230439987888 on /home/xjh/.cache/huggingface/datasets/_home_xjh_.cache_huggingface_datasets_json_default-6a9cca7ecda2bde3_0.0.0_ff8895240c1c6d49c1ae5a8af7cd4b065d168a612f3f6bd42470270b78a42c18.lock
2026-01-22 18:27:07,059 - filelock - DEBUG - Lock 140230439987888 released on /home/xjh/.cache/huggingface/datasets/_home_xjh_.cache_huggingface_datasets_json_default-6a9cca7ecda2bde3_0.0.0_ff8895240c1c6d49c1ae5a8af7cd4b065d168a612f3f6bd42470270b78a42c18.lock
2026-01-22 18:27:07,060 - filelock - DEBUG - Attempting to acquire lock 140230402887072 on /home/xjh/.cache/huggingface/datasets/json/default-6a9cca7ecda2bde3/0.0.0/8bb11242116d547c741b2e8a1f18598ffdd40a1d4f2a2872c7a28b697434bc96_builder.lock
2026-01-22 18:27:07,060 - filelock - DEBUG - Lock 140230402887072 acquired on /home/xjh/.cache/huggingface/datasets/json/default-6a9cca7ecda2bde3/0.0.0/8bb11242116d547c741b2e8a1f18598ffdd40a1d4f2a2872c7a28b697434bc96_builder.lock
2026-01-22 18:27:07,060 - fsspec.local - DEBUG - open file: /home/xjh/.cache/huggingface/datasets/json/default-6a9cca7ecda2bde3/0.0.0/8bb11242116d547c741b2e8a1f18598ffdd40a1d4f2a2872c7a28b697434bc96/dataset_info.json
2026-01-22 18:27:07,060 - filelock - DEBUG - Attempting to release lock 140230402887072 on /home/xjh/.cache/huggingface/datasets/json/default-6a9cca7ecda2bde3/0.0.0/8bb11242116d547c741b2e8a1f18598ffdd40a1d4f2a2872c7a28b697434bc96_builder.lock
2026-01-22 18:27:07,060 - filelock - DEBUG - Lock 140230402887072 released on /home/xjh/.cache/huggingface/datasets/json/default-6a9cca7ecda2bde3/0.0.0/8bb11242116d547c741b2e8a1f18598ffdd40a1d4f2a2872c7a28b697434bc96_builder.lock
Model loaded.
model OPTForCausalLM(
  (model): OPTModel(
    (decoder): OPTDecoder(
      (embed_tokens): Embedding(50272, 5120, padding_idx=1)
      (embed_positions): OPTLearnedPositionalEmbedding(2050, 5120)
      (final_layer_norm): LayerNorm((5120,), eps=1e-05, elementwise_affine=True)
      (layers): ModuleList(
        (0-39): 40 x OPTDecoderLayer(
          (self_attn): OPTAttention(
            (k_proj): Linear(in_features=5120, out_features=5120, bias=True)
            (v_proj): Linear(in_features=5120, out_features=5120, bias=True)
            (q_proj): Linear(in_features=5120, out_features=5120, bias=True)
            (out_proj): Linear(in_features=5120, out_features=5120, bias=True)
          )
          (activation_fn): ReLU()
          (self_attn_layer_norm): LayerNorm((5120,), eps=1e-05, elementwise_affine=True)
          (fc1): Linear(in_features=5120, out_features=20480, bias=True)
          (fc2): Linear(in_features=20480, out_features=5120, bias=True)
          (final_layer_norm): LayerNorm((5120,), eps=1e-05, elementwise_affine=True)
        )
      )
    )
  )
  (lm_head): Linear(in_features=5120, out_features=50272, bias=False)
)
xjh_edit,load from local file:/data/xjh/dataset/c4_part,get c4
Starting ...
Ready.
Traceback (most recent call last):
  File "/home/xjh/research/AI_xjh_research/llm_quant_factory/fakequant/run_arb.py", line 381, in <module>
    quant_sequential(model, dataloader, device)
  File "/home/xjh/miniconda3/envs/demo2/lib/python3.12/site-packages/torch/utils/_contextlib.py", line 120, in decorate_context
    return func(*args, **kwargs)
           ^^^^^^^^^^^^^^^^^^^^^
  File "/home/xjh/research/AI_xjh_research/llm_quant_factory/fakequant/run_arb.py", line 177, in quant_sequential
    gptq[name] = BRAGPTQ(
                 ^^^^^^^^
  File "/home/xjh/research/AI_xjh_research/llm_quant_factory/fakequant/methods/arb_utils/bigptq_arb.py", line 37, in __init__
    self.H = torch.zeros((self.columns, self.columns), device=self.dev)
             ^^^^^^^^^^^^^^^^^^^^^^^^^^^^^^^^^^^^^^^^^^^^^^^^^^^^^^^^^^
torch.OutOfMemoryError: CUDA out of memory. Tried to allocate 1.56 GiB. GPU 1 has a total capacity of 23.64 GiB of which 637.69 MiB is free. Process 863352 has 16.29 GiB memory in use. Including non-PyTorch memory, this process has 6.71 GiB memory in use. Of the allocated memory 6.27 GiB is allocated by PyTorch, and 1.87 MiB is reserved by PyTorch but unallocated. If reserved but unallocated memory is large try setting PYTORCH_CUDA_ALLOC_CONF=expandable_segments:True to avoid fragmentation.  See documentation for Memory Management  (https://pytorch.org/docs/stable/notes/cuda.html#environment-variables)
