/home/xjh/research/AI_xjh_research/llm_quant_factory/fakequant/datautils.py:160: FutureWarning: You are using `torch.load` with `weights_only=False` (the current default value), which uses the default pickle module implicitly. It is possible to construct malicious pickle data which will execute arbitrary code during unpickling (See https://github.com/pytorch/pytorch/blob/main/SECURITY.md#untrusted-models for more details). In a future release, the default value for `weights_only` will be flipped to `True`. This limits the functions that could be executed during unpickling. Arbitrary objects will no longer be allowed to be loaded via this mode unless they are explicitly allowlisted by the user via `torch.serialization.add_safe_globals`. We recommend you start setting `weights_only=True` for any use case where you don't have full control of the loaded file. Please open an issue on GitHub for any issues related to this experimental feature.
  return torch.load(cache_file)
Loading model ...
/data/xjh/model_weight/opt/opt-125m
Starting ...
Ready.
blocksize:128,per weight bits:3.1354166666666665,group_size:192,cluster_1:4,cluster_2:8
blocksize:128,per weight bits:3.1354166666666665,group_size:192,cluster_1:4,cluster_2:8
blocksize:128,per weight bits:3.1354166666666665,group_size:192,cluster_1:4,cluster_2:8
blocksize:128,per weight bits:3.1354166666666665,group_size:192,cluster_1:4,cluster_2:8
blocksize:128,per weight bits:2.7526041666666665,group_size:768,cluster_1:4,cluster_2:8
blocksize:128,per weight bits:3.1354166666666665,group_size:192,cluster_1:4,cluster_2:8
0 self_attn.k_proj
Quantizing ...
Traceback (most recent call last):
  File "/home/xjh/research/AI_xjh_research/llm_quant_factory/fakequant/run_complex.py", line 345, in <module>
    quant_sequential(model, dataloader, device)
  File "/home/xjh/miniconda3/envs/demo2/lib/python3.12/site-packages/torch/utils/_contextlib.py", line 116, in decorate_context
    return func(*args, **kwargs)
           ^^^^^^^^^^^^^^^^^^^^^
  File "/home/xjh/research/AI_xjh_research/llm_quant_factory/fakequant/run_complex.py", line 197, in quant_sequential
    info = gptq[name].fasterquant(
           ^^^^^^^^^^^^^^^^^^^^^^^
  File "/home/xjh/research/AI_xjh_research/llm_quant_factory/fakequant/methods/complex_utils/complex_v3.py", line 292, in fasterquant
    Q1=fast_blockwise_SVD_quant(W1,block_size=2,n_bits_angle=2)
       ^^^^^^^^^^^^^^^^^^^^^^^^^^^^^^^^^^^^^^^^^^^^^^^^^^^^^^^^
TypeError: fast_blockwise_SVD_quant() got an unexpected keyword argument 'block_size'
/home/xjh/research/AI_xjh_research/llm_quant_factory/fakequant/datautils.py:160: FutureWarning: You are using `torch.load` with `weights_only=False` (the current default value), which uses the default pickle module implicitly. It is possible to construct malicious pickle data which will execute arbitrary code during unpickling (See https://github.com/pytorch/pytorch/blob/main/SECURITY.md#untrusted-models for more details). In a future release, the default value for `weights_only` will be flipped to `True`. This limits the functions that could be executed during unpickling. Arbitrary objects will no longer be allowed to be loaded via this mode unless they are explicitly allowlisted by the user via `torch.serialization.add_safe_globals`. We recommend you start setting `weights_only=True` for any use case where you don't have full control of the loaded file. Please open an issue on GitHub for any issues related to this experimental feature.
  return torch.load(cache_file)
Loading model ...
/data/xjh/model_weight/opt/opt-125m
Starting ...
Ready.
blocksize:128,per weight bits:3.1354166666666665,group_size:192,cluster_1:4,cluster_2:8
blocksize:128,per weight bits:3.1354166666666665,group_size:192,cluster_1:4,cluster_2:8
blocksize:128,per weight bits:3.1354166666666665,group_size:192,cluster_1:4,cluster_2:8
blocksize:128,per weight bits:3.1354166666666665,group_size:192,cluster_1:4,cluster_2:8
blocksize:128,per weight bits:2.7526041666666665,group_size:768,cluster_1:4,cluster_2:8
blocksize:128,per weight bits:3.1354166666666665,group_size:192,cluster_1:4,cluster_2:8
0 self_attn.k_proj
Quantizing ...
Traceback (most recent call last):
  File "/home/xjh/research/AI_xjh_research/llm_quant_factory/fakequant/run_complex.py", line 345, in <module>
    quant_sequential(model, dataloader, device)
  File "/home/xjh/miniconda3/envs/demo2/lib/python3.12/site-packages/torch/utils/_contextlib.py", line 116, in decorate_context
    return func(*args, **kwargs)
           ^^^^^^^^^^^^^^^^^^^^^
  File "/home/xjh/research/AI_xjh_research/llm_quant_factory/fakequant/run_complex.py", line 197, in quant_sequential
    info = gptq[name].fasterquant(
           ^^^^^^^^^^^^^^^^^^^^^^^
  File "/home/xjh/research/AI_xjh_research/llm_quant_factory/fakequant/methods/complex_utils/complex_v3.py", line 292, in fasterquant
    Q1=fast_blockwise_SVD_quant(W1,block_size=2,n_bits_angle=2)
       ^^^^^^^^^^^^^^^^^^^^^^^^^^^^^^^^^^^^^^^^^^^^^^^^^^^^^^^^
TypeError: fast_blockwise_SVD_quant() got an unexpected keyword argument 'block_size'
/home/xjh/research/AI_xjh_research/llm_quant_factory/fakequant/datautils.py:160: FutureWarning: You are using `torch.load` with `weights_only=False` (the current default value), which uses the default pickle module implicitly. It is possible to construct malicious pickle data which will execute arbitrary code during unpickling (See https://github.com/pytorch/pytorch/blob/main/SECURITY.md#untrusted-models for more details). In a future release, the default value for `weights_only` will be flipped to `True`. This limits the functions that could be executed during unpickling. Arbitrary objects will no longer be allowed to be loaded via this mode unless they are explicitly allowlisted by the user via `torch.serialization.add_safe_globals`. We recommend you start setting `weights_only=True` for any use case where you don't have full control of the loaded file. Please open an issue on GitHub for any issues related to this experimental feature.
  return torch.load(cache_file)
Loading model ...
/data/xjh/model_weight/opt/opt-125m
Starting ...
Ready.
blocksize:128,per weight bits:3.1354166666666665,group_size:192,cluster_1:4,cluster_2:8
blocksize:128,per weight bits:3.1354166666666665,group_size:192,cluster_1:4,cluster_2:8
blocksize:128,per weight bits:3.1354166666666665,group_size:192,cluster_1:4,cluster_2:8
blocksize:128,per weight bits:3.1354166666666665,group_size:192,cluster_1:4,cluster_2:8
blocksize:128,per weight bits:2.7526041666666665,group_size:768,cluster_1:4,cluster_2:8
blocksize:128,per weight bits:3.1354166666666665,group_size:192,cluster_1:4,cluster_2:8
0 self_attn.k_proj
Quantizing ...
0 self_attn.v_proj
Quantizing ...
0 self_attn.q_proj
Quantizing ...
0 self_attn.out_proj
Quantizing ...
0 fc1
Quantizing ...
0 fc2
Quantizing ...
blocksize:128,per weight bits:3.1354166666666665,group_size:192,cluster_1:4,cluster_2:8
blocksize:128,per weight bits:3.1354166666666665,group_size:192,cluster_1:4,cluster_2:8
blocksize:128,per weight bits:3.1354166666666665,group_size:192,cluster_1:4,cluster_2:8
blocksize:128,per weight bits:3.1354166666666665,group_size:192,cluster_1:4,cluster_2:8
blocksize:128,per weight bits:2.7526041666666665,group_size:768,cluster_1:4,cluster_2:8
blocksize:128,per weight bits:3.1354166666666665,group_size:192,cluster_1:4,cluster_2:8
1 self_attn.k_proj
Quantizing ...
1 self_attn.v_proj
Quantizing ...
1 self_attn.q_proj
Quantizing ...
1 self_attn.out_proj
Quantizing ...
1 fc1
Quantizing ...
1 fc2
Quantizing ...
blocksize:128,per weight bits:3.1354166666666665,group_size:192,cluster_1:4,cluster_2:8
blocksize:128,per weight bits:3.1354166666666665,group_size:192,cluster_1:4,cluster_2:8
blocksize:128,per weight bits:3.1354166666666665,group_size:192,cluster_1:4,cluster_2:8
blocksize:128,per weight bits:3.1354166666666665,group_size:192,cluster_1:4,cluster_2:8
blocksize:128,per weight bits:2.7526041666666665,group_size:768,cluster_1:4,cluster_2:8
blocksize:128,per weight bits:3.1354166666666665,group_size:192,cluster_1:4,cluster_2:8
2 self_attn.k_proj
Quantizing ...
2 self_attn.v_proj
Quantizing ...
2 self_attn.q_proj
Quantizing ...
2 self_attn.out_proj
Quantizing ...
2 fc1
Quantizing ...
2 fc2
Quantizing ...
blocksize:128,per weight bits:3.1354166666666665,group_size:192,cluster_1:4,cluster_2:8
blocksize:128,per weight bits:3.1354166666666665,group_size:192,cluster_1:4,cluster_2:8
blocksize:128,per weight bits:3.1354166666666665,group_size:192,cluster_1:4,cluster_2:8
blocksize:128,per weight bits:3.1354166666666665,group_size:192,cluster_1:4,cluster_2:8
blocksize:128,per weight bits:2.7526041666666665,group_size:768,cluster_1:4,cluster_2:8
blocksize:128,per weight bits:3.1354166666666665,group_size:192,cluster_1:4,cluster_2:8
3 self_attn.k_proj
Quantizing ...
3 self_attn.v_proj
Quantizing ...
3 self_attn.q_proj
Quantizing ...
3 self_attn.out_proj
Quantizing ...
3 fc1
Quantizing ...
3 fc2
Quantizing ...
blocksize:128,per weight bits:3.1354166666666665,group_size:192,cluster_1:4,cluster_2:8
blocksize:128,per weight bits:3.1354166666666665,group_size:192,cluster_1:4,cluster_2:8
blocksize:128,per weight bits:3.1354166666666665,group_size:192,cluster_1:4,cluster_2:8
blocksize:128,per weight bits:3.1354166666666665,group_size:192,cluster_1:4,cluster_2:8
blocksize:128,per weight bits:2.7526041666666665,group_size:768,cluster_1:4,cluster_2:8
blocksize:128,per weight bits:3.1354166666666665,group_size:192,cluster_1:4,cluster_2:8
4 self_attn.k_proj
Quantizing ...
4 self_attn.v_proj
Quantizing ...
4 self_attn.q_proj
Quantizing ...
4 self_attn.out_proj
Quantizing ...
4 fc1
Quantizing ...
4 fc2
Quantizing ...
blocksize:128,per weight bits:3.1354166666666665,group_size:192,cluster_1:4,cluster_2:8
blocksize:128,per weight bits:3.1354166666666665,group_size:192,cluster_1:4,cluster_2:8
blocksize:128,per weight bits:3.1354166666666665,group_size:192,cluster_1:4,cluster_2:8
blocksize:128,per weight bits:3.1354166666666665,group_size:192,cluster_1:4,cluster_2:8
blocksize:128,per weight bits:2.7526041666666665,group_size:768,cluster_1:4,cluster_2:8
blocksize:128,per weight bits:3.1354166666666665,group_size:192,cluster_1:4,cluster_2:8
5 self_attn.k_proj
Quantizing ...
5 self_attn.v_proj
Quantizing ...
5 self_attn.q_proj
Quantizing ...
5 self_attn.out_proj
Quantizing ...
5 fc1
Quantizing ...
5 fc2
Quantizing ...
blocksize:128,per weight bits:3.1354166666666665,group_size:192,cluster_1:4,cluster_2:8
blocksize:128,per weight bits:3.1354166666666665,group_size:192,cluster_1:4,cluster_2:8
blocksize:128,per weight bits:3.1354166666666665,group_size:192,cluster_1:4,cluster_2:8
blocksize:128,per weight bits:3.1354166666666665,group_size:192,cluster_1:4,cluster_2:8
blocksize:128,per weight bits:2.7526041666666665,group_size:768,cluster_1:4,cluster_2:8
blocksize:128,per weight bits:3.1354166666666665,group_size:192,cluster_1:4,cluster_2:8
6 self_attn.k_proj
Quantizing ...
6 self_attn.v_proj
Quantizing ...
6 self_attn.q_proj
Quantizing ...
6 self_attn.out_proj
Quantizing ...
6 fc1
Quantizing ...
6 fc2
Quantizing ...
blocksize:128,per weight bits:3.1354166666666665,group_size:192,cluster_1:4,cluster_2:8
blocksize:128,per weight bits:3.1354166666666665,group_size:192,cluster_1:4,cluster_2:8
blocksize:128,per weight bits:3.1354166666666665,group_size:192,cluster_1:4,cluster_2:8
blocksize:128,per weight bits:3.1354166666666665,group_size:192,cluster_1:4,cluster_2:8
blocksize:128,per weight bits:2.7526041666666665,group_size:768,cluster_1:4,cluster_2:8
blocksize:128,per weight bits:3.1354166666666665,group_size:192,cluster_1:4,cluster_2:8
7 self_attn.k_proj
Quantizing ...
7 self_attn.v_proj
Quantizing ...
7 self_attn.q_proj
Quantizing ...
7 self_attn.out_proj
Quantizing ...
7 fc1
Quantizing ...
7 fc2
Quantizing ...
blocksize:128,per weight bits:3.1354166666666665,group_size:192,cluster_1:4,cluster_2:8
blocksize:128,per weight bits:3.1354166666666665,group_size:192,cluster_1:4,cluster_2:8
blocksize:128,per weight bits:3.1354166666666665,group_size:192,cluster_1:4,cluster_2:8
blocksize:128,per weight bits:3.1354166666666665,group_size:192,cluster_1:4,cluster_2:8
blocksize:128,per weight bits:2.7526041666666665,group_size:768,cluster_1:4,cluster_2:8
blocksize:128,per weight bits:3.1354166666666665,group_size:192,cluster_1:4,cluster_2:8
8 self_attn.k_proj
Quantizing ...
8 self_attn.v_proj
Quantizing ...
8 self_attn.q_proj
Quantizing ...
8 self_attn.out_proj
Quantizing ...
8 fc1
Quantizing ...
8 fc2
Quantizing ...
blocksize:128,per weight bits:3.1354166666666665,group_size:192,cluster_1:4,cluster_2:8
blocksize:128,per weight bits:3.1354166666666665,group_size:192,cluster_1:4,cluster_2:8
blocksize:128,per weight bits:3.1354166666666665,group_size:192,cluster_1:4,cluster_2:8
blocksize:128,per weight bits:3.1354166666666665,group_size:192,cluster_1:4,cluster_2:8
blocksize:128,per weight bits:2.7526041666666665,group_size:768,cluster_1:4,cluster_2:8
blocksize:128,per weight bits:3.1354166666666665,group_size:192,cluster_1:4,cluster_2:8
9 self_attn.k_proj
Quantizing ...
9 self_attn.v_proj
Quantizing ...
9 self_attn.q_proj
Quantizing ...
9 self_attn.out_proj
Quantizing ...
9 fc1
Quantizing ...
9 fc2
Quantizing ...
blocksize:128,per weight bits:3.1354166666666665,group_size:192,cluster_1:4,cluster_2:8
blocksize:128,per weight bits:3.1354166666666665,group_size:192,cluster_1:4,cluster_2:8
blocksize:128,per weight bits:3.1354166666666665,group_size:192,cluster_1:4,cluster_2:8
blocksize:128,per weight bits:3.1354166666666665,group_size:192,cluster_1:4,cluster_2:8
blocksize:128,per weight bits:2.7526041666666665,group_size:768,cluster_1:4,cluster_2:8
blocksize:128,per weight bits:3.1354166666666665,group_size:192,cluster_1:4,cluster_2:8
10 self_attn.k_proj
Quantizing ...
10 self_attn.v_proj
Quantizing ...
10 self_attn.q_proj
Quantizing ...
10 self_attn.out_proj
Quantizing ...
10 fc1
Quantizing ...
10 fc2
Quantizing ...
blocksize:128,per weight bits:3.1354166666666665,group_size:192,cluster_1:4,cluster_2:8
blocksize:128,per weight bits:3.1354166666666665,group_size:192,cluster_1:4,cluster_2:8
blocksize:128,per weight bits:3.1354166666666665,group_size:192,cluster_1:4,cluster_2:8
blocksize:128,per weight bits:3.1354166666666665,group_size:192,cluster_1:4,cluster_2:8
blocksize:128,per weight bits:2.7526041666666665,group_size:768,cluster_1:4,cluster_2:8
blocksize:128,per weight bits:3.1354166666666665,group_size:192,cluster_1:4,cluster_2:8
11 self_attn.k_proj
Quantizing ...
11 self_attn.v_proj
Quantizing ...
11 self_attn.q_proj
Quantizing ...
11 self_attn.out_proj
Quantizing ...
11 fc1
Quantizing ...
11 fc2
Quantizing ...
quantization time: 6.513150691986084 s
wikitext2
Evaluating ...
0
1
2
3
4
5
6
7
8
9
10
11
Perplexity: 8835.167969
{'wikitext2/perplexity': 8835.16796875}
ptb
Evaluating ...
0
1
2
3
4
5
6
7
8
9
10
11
Perplexity: 5535.016113
{'ptb/perplexity': 5535.01611328125}
c4
Evaluating ...
0
1
2
3
4
5
6
7
8
9
10
11
Perplexity: 4647.036133
{'c4/perplexity': 4647.0361328125}
/home/xjh/research/AI_xjh_research/llm_quant_factory/fakequant/datautils.py:160: FutureWarning: You are using `torch.load` with `weights_only=False` (the current default value), which uses the default pickle module implicitly. It is possible to construct malicious pickle data which will execute arbitrary code during unpickling (See https://github.com/pytorch/pytorch/blob/main/SECURITY.md#untrusted-models for more details). In a future release, the default value for `weights_only` will be flipped to `True`. This limits the functions that could be executed during unpickling. Arbitrary objects will no longer be allowed to be loaded via this mode unless they are explicitly allowlisted by the user via `torch.serialization.add_safe_globals`. We recommend you start setting `weights_only=True` for any use case where you don't have full control of the loaded file. Please open an issue on GitHub for any issues related to this experimental feature.
  return torch.load(cache_file)
Loading model ...
/data/xjh/model_weight/opt/opt-125m
Starting ...
Ready.
0 self_attn.k_proj
Quantizing ...
0 self_attn.v_proj
Quantizing ...
0 self_attn.q_proj
Quantizing ...
0 self_attn.out_proj
Quantizing ...
0 fc1
Quantizing ...
0 fc2
Quantizing ...
1 self_attn.k_proj
Quantizing ...
1 self_attn.v_proj
Quantizing ...
1 self_attn.q_proj
Quantizing ...
1 self_attn.out_proj
Quantizing ...
1 fc1
Quantizing ...
1 fc2
Quantizing ...
2 self_attn.k_proj
Quantizing ...
2 self_attn.v_proj
Quantizing ...
2 self_attn.q_proj
Quantizing ...
2 self_attn.out_proj
Quantizing ...
2 fc1
Quantizing ...
2 fc2
Quantizing ...
3 self_attn.k_proj
Quantizing ...
3 self_attn.v_proj
Quantizing ...
3 self_attn.q_proj
Quantizing ...
3 self_attn.out_proj
Quantizing ...
3 fc1
Quantizing ...
3 fc2
Quantizing ...
4 self_attn.k_proj
Quantizing ...
4 self_attn.v_proj
Quantizing ...
4 self_attn.q_proj
Quantizing ...
4 self_attn.out_proj
Quantizing ...
4 fc1
Quantizing ...
4 fc2
Quantizing ...
5 self_attn.k_proj
Quantizing ...
5 self_attn.v_proj
Quantizing ...
5 self_attn.q_proj
Quantizing ...
5 self_attn.out_proj
Quantizing ...
5 fc1
Quantizing ...
5 fc2
Quantizing ...
6 self_attn.k_proj
Quantizing ...
6 self_attn.v_proj
Quantizing ...
6 self_attn.q_proj
Quantizing ...
6 self_attn.out_proj
Quantizing ...
6 fc1
Quantizing ...
6 fc2
Quantizing ...
7 self_attn.k_proj
Quantizing ...
7 self_attn.v_proj
Quantizing ...
7 self_attn.q_proj
Quantizing ...
7 self_attn.out_proj
Quantizing ...
7 fc1
Quantizing ...
7 fc2
Quantizing ...
8 self_attn.k_proj
Quantizing ...
8 self_attn.v_proj
Quantizing ...
8 self_attn.q_proj
Quantizing ...
8 self_attn.out_proj
Quantizing ...
8 fc1
Quantizing ...
8 fc2
Quantizing ...
9 self_attn.k_proj
Quantizing ...
9 self_attn.v_proj
Quantizing ...
9 self_attn.q_proj
Quantizing ...
9 self_attn.out_proj
Quantizing ...
9 fc1
Quantizing ...
9 fc2
Quantizing ...
10 self_attn.k_proj
Quantizing ...
10 self_attn.v_proj
Quantizing ...
10 self_attn.q_proj
Quantizing ...
10 self_attn.out_proj
Quantizing ...
10 fc1
Quantizing ...
10 fc2
Quantizing ...
11 self_attn.k_proj
Quantizing ...
11 self_attn.v_proj
Quantizing ...
11 self_attn.q_proj
Quantizing ...
11 self_attn.out_proj
Quantizing ...
11 fc1
Quantizing ...
11 fc2
Quantizing ...
quantization time: 7.141251087188721 s
wikitext2
Evaluating ...
0
1
2
3
4
5
6
7
8
9
10
11
Perplexity: 55.669559
{'wikitext2/perplexity': 55.669559478759766}
ptb
Evaluating ...
0
1
2
3
4
5
6
7
8
9
10
11
Perplexity: 83.297226
{'ptb/perplexity': 83.29722595214844}
c4
Evaluating ...
0
1
2
3
4
5
6
7
8
9
10
11
Perplexity: 44.408306
{'c4/perplexity': 44.40830612182617}
